[    0.000000] microcode: microcode updated early to revision 0x24, date = 2023-08-25
[    0.000000] Linux version 5.15.0-118-generic (buildd@lcy02-amd64-080) (gcc (Ubuntu 11.4.0-1ubuntu1~22.04) 11.4.0, GNU ld (GNU Binutils for Ubuntu) 2.38) #128-Ubuntu SMP Fri Jul 5 09:28:59 UTC 2024 (Ubuntu 5.15.0-118.128-generic 5.15.160)
[    0.000000] Command line: BOOT_IMAGE=/boot/vmlinuz-5.15.0-118-generic root=UUID=5b9b9cd1-b964-463c-965d-e72162258d2f ro quiet splash
[    0.000000] KERNEL supported cpus:
[    0.000000]   Intel GenuineIntel
[    0.000000]   AMD AuthenticAMD
[    0.000000]   Hygon HygonGenuine
[    0.000000]   Centaur CentaurHauls
[    0.000000]   zhaoxin   Shanghai  
[    0.000000] BIOS-provided physical RAM map:
[    0.000000] BIOS-e820: [mem 0x0000000000000000-0x0000000000000fff] reserved
[    0.000000] BIOS-e820: [mem 0x0000000000001000-0x0000000000057fff] usable
[    0.000000] BIOS-e820: [mem 0x0000000000058000-0x0000000000058fff] reserved
[    0.000000] BIOS-e820: [mem 0x0000000000059000-0x0000000000085fff] usable
[    0.000000] BIOS-e820: [mem 0x0000000000086000-0x00000000000fffff] reserved
[    0.000000] BIOS-e820: [mem 0x0000000000100000-0x000000000fffffff] usable
[    0.000000] BIOS-e820: [mem 0x0000000010000000-0x0000000012150fff] reserved
[    0.000000] BIOS-e820: [mem 0x0000000012151000-0x000000006407bfff] usable
[    0.000000] BIOS-e820: [mem 0x000000006407c000-0x000000006752bfff] reserved
[    0.000000] BIOS-e820: [mem 0x000000006752c000-0x000000006758bfff] ACPI NVS
[    0.000000] BIOS-e820: [mem 0x000000006758c000-0x00000000675cbfff] ACPI data
[    0.000000] BIOS-e820: [mem 0x00000000675cc000-0x0000000068c8dfff] usable
[    0.000000] BIOS-e820: [mem 0x0000000068c8e000-0x000000006958dfff] reserved
[    0.000000] BIOS-e820: [mem 0x000000006958e000-0x0000000069bfffff] usable
[    0.000000] BIOS-e820: [mem 0x0000000069c00000-0x000000007fffffff] reserved
[    0.000000] BIOS-e820: [mem 0x00000000d3709000-0x00000000d3709fff] reserved
[    0.000000] BIOS-e820: [mem 0x00000000e0000000-0x00000000e3ffffff] reserved
[    0.000000] BIOS-e820: [mem 0x00000000fed01000-0x00000000fed01fff] reserved
[    0.000000] BIOS-e820: [mem 0x00000000ff800000-0x00000000ffffffff] reserved
[    0.000000] BIOS-e820: [mem 0x0000000100000000-0x000000017fffffff] usable
[    0.000000] NX (Execute Disable) protection: active
[    0.000000] e820: update [mem 0x535c8018-0x535d8057] usable ==> usable
[    0.000000] e820: update [mem 0x535c8018-0x535d8057] usable ==> usable
[    0.000000] extended physical RAM map:
[    0.000000] reserve setup_data: [mem 0x0000000000000000-0x0000000000000fff] reserved
[    0.000000] reserve setup_data: [mem 0x0000000000001000-0x0000000000057fff] usable
[    0.000000] reserve setup_data: [mem 0x0000000000058000-0x0000000000058fff] reserved
[    0.000000] reserve setup_data: [mem 0x0000000000059000-0x0000000000085fff] usable
[    0.000000] reserve setup_data: [mem 0x0000000000086000-0x00000000000fffff] reserved
[    0.000000] reserve setup_data: [mem 0x0000000000100000-0x000000000fffffff] usable
[    0.000000] reserve setup_data: [mem 0x0000000010000000-0x0000000012150fff] reserved
[    0.000000] reserve setup_data: [mem 0x0000000012151000-0x00000000535c8017] usable
[    0.000000] reserve setup_data: [mem 0x00000000535c8018-0x00000000535d8057] usable
[    0.000000] reserve setup_data: [mem 0x00000000535d8058-0x000000006407bfff] usable
[    0.000000] reserve setup_data: [mem 0x000000006407c000-0x000000006752bfff] reserved
[    0.000000] reserve setup_data: [mem 0x000000006752c000-0x000000006758bfff] ACPI NVS
[    0.000000] reserve setup_data: [mem 0x000000006758c000-0x00000000675cbfff] ACPI data
[    0.000000] reserve setup_data: [mem 0x00000000675cc000-0x0000000068c8dfff] usable
[    0.000000] reserve setup_data: [mem 0x0000000068c8e000-0x000000006958dfff] reserved
[    0.000000] reserve setup_data: [mem 0x000000006958e000-0x0000000069bfffff] usable
[    0.000000] reserve setup_data: [mem 0x0000000069c00000-0x000000007fffffff] reserved
[    0.000000] reserve setup_data: [mem 0x00000000d3709000-0x00000000d3709fff] reserved
[    0.000000] reserve setup_data: [mem 0x00000000e0000000-0x00000000e3ffffff] reserved
[    0.000000] reserve setup_data: [mem 0x00000000fed01000-0x00000000fed01fff] reserved
[    0.000000] reserve setup_data: [mem 0x00000000ff800000-0x00000000ffffffff] reserved
[    0.000000] reserve setup_data: [mem 0x0000000100000000-0x000000017fffffff] usable
[    0.000000] efi: EFI v2.60 by INSYDE Corp.
[    0.000000] efi: TPMFinalLog=0x67524000 ACPI=0x675cb000 ACPI 2.0=0x675cb014 SMBIOS=0x640cb000 SMBIOS 3.0=0x640c9000 ESRT=0x640c7018 MOKvar=0x64092000 RNG=0x6759d018 TPMEventLog=0x535d9018 
[    0.000000] random: crng init done
[    0.000000] secureboot: Secure boot disabled
[    0.000000] SMBIOS 3.0.1 present.
[    0.000000] DMI: LENOVO 82VX/LNVNB161216, BIOS KKCN16WW 12/15/2022
[    0.000000] tsc: Detected 1094.400 MHz processor
[    0.000034] e820: update [mem 0x00000000-0x00000fff] usable ==> reserved
[    0.000046] e820: remove [mem 0x000a0000-0x000fffff] usable
[    0.000082] last_pfn = 0x180000 max_arch_pfn = 0x400000000
[    0.000150] x86/PAT: Configuration [0-7]: WB  WC  UC- UC  WB  WP  UC- WT  
[    0.000445] last_pfn = 0x69c00 max_arch_pfn = 0x400000000
[    0.013348] esrt: Reserving ESRT space from 0x00000000640c7018 to 0x00000000640c7078.
[    0.013382] Using GB pages for direct mapping
[    0.016112] secureboot: Secure boot disabled
[    0.016116] RAMDISK: [mem 0x535df000-0x5b7aafff]
[    0.016135] ACPI: Early table checksum verification disabled
[    0.016144] ACPI: RSDP 0x00000000675CB014 000024 (v02 LENOVO)
[    0.016159] ACPI: XSDT 0x00000000675A8188 000104 (v01 LENOVO CB-01    00000001      01000013)
[    0.016177] ACPI: FACP 0x00000000675C1000 000114 (v06 LENOVO CB-01    00000001 ACPI 00040000)
[    0.016197] ACPI: DSDT 0x00000000675AD000 00C925 (v02 LENOVO CB-01    00000001 ACPI 00040000)
[    0.016211] ACPI: FACS 0x0000000067584000 000040
[    0.016221] ACPI: FACS 0x0000000067584000 000040
[    0.016232] ACPI: UEFI 0x00000000675CA000 000236 (v01 LENOVO CB-01    00000001 ACPI 00040000)
[    0.016245] ACPI: UEFI 0x00000000675C9000 000042 (v01 LENOVO CB-01    00000001 ACPI 00040000)
[    0.016257] ACPI: SSDT 0x00000000675C8000 000781 (v01 LENOVO CB-01    00000001 ACPI 00040000)
[    0.016270] ACPI: TPM2 0x00000000675C7000 000034 (v04 LENOVO CB-01    00000001 ACPI 00040000)
[    0.016282] ACPI: MSDM 0x00000000675C6000 000055 (v03 LENOVO CB-01    00000001 ACPI 00040000)
[    0.016294] ACPI: BDAT 0x00000000675C5000 000030 (v02 LENOVO CB-01    00000001 ACPI 00040000)
[    0.016306] ACPI: HPET 0x00000000675C0000 000038 (v01 LENOVO CB-01    00000001 ACPI 00040000)
[    0.016319] ACPI: LPIT 0x00000000675BF000 00005C (v01 LENOVO CB-01    00000001 ACPI 00040000)
[    0.016331] ACPI: APIC 0x00000000675BE000 000084 (v03 LENOVO CB-01    00000001 ACPI 00040000)
[    0.016343] ACPI: MCFG 0x00000000675BD000 00003C (v01 LENOVO CB-01    00000001 ACPI 00040000)
[    0.016356] ACPI: NPKT 0x00000000675BC000 000065 (v01 LENOVO CB-01    00000001 ACPI 00040000)
[    0.016368] ACPI: PRAM 0x00000000675BB000 000030 (v01 LENOVO CB-01    00000001 ACPI 00040000)
[    0.016380] ACPI: WSMT 0x00000000675BA000 000028 (v01 LENOVO CB-01    00000001 ACPI 00040000)
[    0.016392] ACPI: SSDT 0x00000000675AB000 0016F6 (v02 LENOVO CB-01    00000001 ACPI 00040000)
[    0.016405] ACPI: SSDT 0x00000000675AA000 0008DD (v01 LENOVO CB-01    00000001 ACPI 00040000)
[    0.016417] ACPI: SSDT 0x00000000675A9000 00047B (v02 LENOVO CB-01    00000001 ACPI 00040000)
[    0.016429] ACPI: SSDT 0x00000000675A7000 00072B (v02 LENOVO CB-01    00000001 ACPI 00040000)
[    0.016442] ACPI: SSDT 0x00000000675A6000 00032D (v02 LENOVO CB-01    00000001 ACPI 00040000)
[    0.016454] ACPI: SSDT 0x00000000675A5000 00017C (v02 LENOVO CB-01    00000001 ACPI 00040000)
[    0.016466] ACPI: SSDT 0x00000000675A2000 0027A5 (v02 LENOVO CB-01    00000001 ACPI 00040000)
[    0.016478] ACPI: SSDT 0x00000000675A1000 00005C (v02 LENOVO CB-01    00000001 ACPI 00040000)
[    0.016491] ACPI: FPDT 0x00000000675A0000 000044 (v01 LENOVO CB-01    00000001 ACPI 00040000)
[    0.016503] ACPI: BGRT 0x000000006759F000 000038 (v01 LENOVO CB-01    00000001 ACPI 00040000)
[    0.016515] ACPI: DBGP 0x00000000675C3000 000034 (v01 LENOVO CB-01    00000001 ACPI 00040000)
[    0.016528] ACPI: DBG2 0x00000000675C4000 000072 (v00 LENOVO CB-01    00000001 ACPI 00040000)
[    0.016540] ACPI: DMAR 0x00000000675C2000 0000A8 (v01 LENOVO CB-01    00000001 ACPI 00040000)
[    0.016552] ACPI: WDAT 0x000000006759E000 000104 (v01 LENOVO CB-01    00000001 ACPI 00040000)
[    0.016563] ACPI: Reserving FACP table memory at [mem 0x675c1000-0x675c1113]
[    0.016568] ACPI: Reserving DSDT table memory at [mem 0x675ad000-0x675b9924]
[    0.016573] ACPI: Reserving FACS table memory at [mem 0x67584000-0x6758403f]
[    0.016577] ACPI: Reserving FACS table memory at [mem 0x67584000-0x6758403f]
[    0.016580] ACPI: Reserving UEFI table memory at [mem 0x675ca000-0x675ca235]
[    0.016584] ACPI: Reserving UEFI table memory at [mem 0x675c9000-0x675c9041]
[    0.016588] ACPI: Reserving SSDT table memory at [mem 0x675c8000-0x675c8780]
[    0.016592] ACPI: Reserving TPM2 table memory at [mem 0x675c7000-0x675c7033]
[    0.016596] ACPI: Reserving MSDM table memory at [mem 0x675c6000-0x675c6054]
[    0.016600] ACPI: Reserving BDAT table memory at [mem 0x675c5000-0x675c502f]
[    0.016604] ACPI: Reserving HPET table memory at [mem 0x675c0000-0x675c0037]
[    0.016609] ACPI: Reserving LPIT table memory at [mem 0x675bf000-0x675bf05b]
[    0.016613] ACPI: Reserving APIC table memory at [mem 0x675be000-0x675be083]
[    0.016617] ACPI: Reserving MCFG table memory at [mem 0x675bd000-0x675bd03b]
[    0.016621] ACPI: Reserving NPKT table memory at [mem 0x675bc000-0x675bc064]
[    0.016626] ACPI: Reserving PRAM table memory at [mem 0x675bb000-0x675bb02f]
[    0.016630] ACPI: Reserving WSMT table memory at [mem 0x675ba000-0x675ba027]
[    0.016634] ACPI: Reserving SSDT table memory at [mem 0x675ab000-0x675ac6f5]
[    0.016638] ACPI: Reserving SSDT table memory at [mem 0x675aa000-0x675aa8dc]
[    0.016642] ACPI: Reserving SSDT table memory at [mem 0x675a9000-0x675a947a]
[    0.016646] ACPI: Reserving SSDT table memory at [mem 0x675a7000-0x675a772a]
[    0.016650] ACPI: Reserving SSDT table memory at [mem 0x675a6000-0x675a632c]
[    0.016654] ACPI: Reserving SSDT table memory at [mem 0x675a5000-0x675a517b]
[    0.016658] ACPI: Reserving SSDT table memory at [mem 0x675a2000-0x675a47a4]
[    0.016662] ACPI: Reserving SSDT table memory at [mem 0x675a1000-0x675a105b]
[    0.016667] ACPI: Reserving FPDT table memory at [mem 0x675a0000-0x675a0043]
[    0.016671] ACPI: Reserving BGRT table memory at [mem 0x6759f000-0x6759f037]
[    0.016675] ACPI: Reserving DBGP table memory at [mem 0x675c3000-0x675c3033]
[    0.016679] ACPI: Reserving DBG2 table memory at [mem 0x675c4000-0x675c4071]
[    0.016684] ACPI: Reserving DMAR table memory at [mem 0x675c2000-0x675c20a7]
[    0.016689] ACPI: Reserving WDAT table memory at [mem 0x6759e000-0x6759e103]
[    0.017482] No NUMA configuration found
[    0.017486] Faking a node at [mem 0x0000000000000000-0x000000017fffffff]
[    0.017527] NODE_DATA(0) allocated [mem 0x17ffd6000-0x17fffffff]
[    0.019196] Zone ranges:
[    0.019199]   DMA      [mem 0x0000000000001000-0x0000000000ffffff]
[    0.019206]   DMA32    [mem 0x0000000001000000-0x00000000ffffffff]
[    0.019213]   Normal   [mem 0x0000000100000000-0x000000017fffffff]
[    0.019218]   Device   empty
[    0.019223] Movable zone start for each node
[    0.019234] Early memory node ranges
[    0.019236]   node   0: [mem 0x0000000000001000-0x0000000000057fff]
[    0.019241]   node   0: [mem 0x0000000000059000-0x0000000000085fff]
[    0.019244]   node   0: [mem 0x0000000000100000-0x000000000fffffff]
[    0.019248]   node   0: [mem 0x0000000012151000-0x000000006407bfff]
[    0.019253]   node   0: [mem 0x00000000675cc000-0x0000000068c8dfff]
[    0.019256]   node   0: [mem 0x000000006958e000-0x0000000069bfffff]
[    0.019260]   node   0: [mem 0x0000000100000000-0x000000017fffffff]
[    0.019268] Initmem setup node 0 [mem 0x0000000000001000-0x000000017fffffff]
[    0.019283] On node 0, zone DMA: 1 pages in unavailable ranges
[    0.019289] On node 0, zone DMA: 1 pages in unavailable ranges
[    0.019420] On node 0, zone DMA: 122 pages in unavailable ranges
[    0.032765] On node 0, zone DMA32: 8529 pages in unavailable ranges
[    0.033912] On node 0, zone DMA32: 13648 pages in unavailable ranges
[    0.034133] On node 0, zone DMA32: 2304 pages in unavailable ranges
[    0.052884] On node 0, zone Normal: 25600 pages in unavailable ranges
[    0.052917] Reserving Intel graphics memory at [mem 0x7c000000-0x7fffffff]
[    0.053283] ACPI: PM-Timer IO Port: 0x408
[    0.053308] ACPI: LAPIC_NMI (acpi_id[0x01] high level lint[0x1])
[    0.053316] ACPI: LAPIC_NMI (acpi_id[0x02] high level lint[0x1])
[    0.053320] ACPI: LAPIC_NMI (acpi_id[0x03] high level lint[0x1])
[    0.053323] ACPI: LAPIC_NMI (acpi_id[0x04] high level lint[0x1])
[    0.053363] IOAPIC[0]: apic_id 1, version 32, address 0xfec00000, GSI 0-119
[    0.053374] ACPI: INT_SRC_OVR (bus 0 bus_irq 0 global_irq 2 dfl dfl)
[    0.053380] ACPI: INT_SRC_OVR (bus 0 bus_irq 9 global_irq 9 low level)
[    0.053392] ACPI: Using ACPI (MADT) for SMP configuration information
[    0.053396] ACPI: HPET id: 0x8086a701 base: 0xfed00000
[    0.053429] e820: update [mem 0x61669000-0x616e4fff] usable ==> reserved
[    0.053478] TSC deadline timer available
[    0.053482] smpboot: Allowing 4 CPUs, 2 hotplug CPUs
[    0.053569] PM: hibernation: Registered nosave memory: [mem 0x00000000-0x00000fff]
[    0.053578] PM: hibernation: Registered nosave memory: [mem 0x00058000-0x00058fff]
[    0.053586] PM: hibernation: Registered nosave memory: [mem 0x00086000-0x000fffff]
[    0.053593] PM: hibernation: Registered nosave memory: [mem 0x10000000-0x12150fff]
[    0.053604] PM: hibernation: Registered nosave memory: [mem 0x535c8000-0x535c8fff]
[    0.053612] PM: hibernation: Registered nosave memory: [mem 0x535d8000-0x535d8fff]
[    0.053619] PM: hibernation: Registered nosave memory: [mem 0x61669000-0x616e4fff]
[    0.053627] PM: hibernation: Registered nosave memory: [mem 0x6407c000-0x6752bfff]
[    0.053631] PM: hibernation: Registered nosave memory: [mem 0x6752c000-0x6758bfff]
[    0.053634] PM: hibernation: Registered nosave memory: [mem 0x6758c000-0x675cbfff]
[    0.053642] PM: hibernation: Registered nosave memory: [mem 0x68c8e000-0x6958dfff]
[    0.053650] PM: hibernation: Registered nosave memory: [mem 0x69c00000-0x7fffffff]
[    0.053653] PM: hibernation: Registered nosave memory: [mem 0x80000000-0xd3708fff]
[    0.053656] PM: hibernation: Registered nosave memory: [mem 0xd3709000-0xd3709fff]
[    0.053660] PM: hibernation: Registered nosave memory: [mem 0xd370a000-0xdfffffff]
[    0.053663] PM: hibernation: Registered nosave memory: [mem 0xe0000000-0xe3ffffff]
[    0.053666] PM: hibernation: Registered nosave memory: [mem 0xe4000000-0xfed00fff]
[    0.053670] PM: hibernation: Registered nosave memory: [mem 0xfed01000-0xfed01fff]
[    0.053673] PM: hibernation: Registered nosave memory: [mem 0xfed02000-0xff7fffff]
[    0.053676] PM: hibernation: Registered nosave memory: [mem 0xff800000-0xffffffff]
[    0.053682] [mem 0x80000000-0xd3708fff] available for PCI devices
[    0.053687] Booting paravirtualized kernel on bare hardware
[    0.053694] clocksource: refined-jiffies: mask: 0xffffffff max_cycles: 0xffffffff, max_idle_ns: 7645519600211568 ns
[    0.053723] setup_percpu: NR_CPUS:8192 nr_cpumask_bits:4 nr_cpu_ids:4 nr_node_ids:1
[    0.054436] percpu: Embedded 62 pages/cpu s217088 r8192 d28672 u524288
[    0.054465] pcpu-alloc: s217088 r8192 d28672 u524288 alloc=1*2097152
[    0.054474] pcpu-alloc: [0] 0 1 2 3 
[    0.054595] Built 1 zonelists, mobility grouping on.  Total pages: 918125
[    0.054601] Policy zone: Normal
[    0.054606] Kernel command line: BOOT_IMAGE=/boot/vmlinuz-5.15.0-118-generic root=UUID=5b9b9cd1-b964-463c-965d-e72162258d2f ro quiet splash
[    0.054868] Unknown kernel command line parameters "splash BOOT_IMAGE=/boot/vmlinuz-5.15.0-118-generic", will be passed to user space.
[    0.055851] Dentry cache hash table entries: 524288 (order: 10, 4194304 bytes, linear)
[    0.056372] Inode-cache hash table entries: 262144 (order: 9, 2097152 bytes, linear)
[    0.056560] mem auto-init: stack:off, heap alloc:on, heap free:off
[    0.120678] Memory: 3344736K/3731340K available (16393K kernel code, 4397K rwdata, 10960K rodata, 3368K init, 18700K bss, 386344K reserved, 0K cma-reserved)
[    0.121109] SLUB: HWalign=64, Order=0-3, MinObjects=0, CPUs=4, Nodes=1
[    0.121182] ftrace: allocating 50750 entries in 199 pages
[    0.200179] ftrace: allocated 199 pages with 5 groups
[    0.200531] rcu: Hierarchical RCU implementation.
[    0.200535] rcu: 	RCU restricting CPUs from NR_CPUS=8192 to nr_cpu_ids=4.
[    0.200540] 	Rude variant of Tasks RCU enabled.
[    0.200542] 	Tracing variant of Tasks RCU enabled.
[    0.200545] rcu: RCU calculated value of scheduler-enlistment delay is 25 jiffies.
[    0.200548] rcu: Adjusting geometry for rcu_fanout_leaf=16, nr_cpu_ids=4
[    0.216809] NR_IRQS: 524544, nr_irqs: 1024, preallocated irqs: 16
[    0.217610] Console: colour dummy device 80x25
[    0.217668] printk: console [tty0] enabled
[    0.217720] ACPI: Core revision 20210730
[    0.218372] clocksource: hpet: mask: 0xffffffff max_cycles: 0xffffffff, max_idle_ns: 99544814920 ns
[    0.218479] APIC: Switch to symmetric I/O mode setup
[    0.218485] DMAR: Host address width 39
[    0.218489] DMAR: DRHD base: 0x000000fed64000 flags: 0x0
[    0.218504] DMAR: dmar0: reg_base_addr fed64000 ver 1:0 cap 1c0000c40660462 ecap 9e2ff0505e
[    0.218511] DMAR: DRHD base: 0x000000fed65000 flags: 0x1
[    0.218524] DMAR: dmar1: reg_base_addr fed65000 ver 1:0 cap d2008c40660462 ecap f050da
[    0.218532] DMAR: RMRR base: 0x00000067465000 end: 0x00000067484fff
[    0.218538] DMAR: RMRR base: 0x0000007b800000 end: 0x0000007fffffff
[    0.218544] DMAR-IR: IOAPIC id 1 under DRHD base  0xfed65000 IOMMU 1
[    0.218548] DMAR-IR: HPET id 0 under DRHD base 0xfed65000
[    0.218552] DMAR-IR: Queued invalidation will be enabled to support x2apic and Intr-remapping.
[    0.221043] DMAR-IR: Enabled IRQ remapping in x2apic mode
[    0.221053] x2apic enabled
[    0.221079] Switched APIC routing to cluster x2apic.
[    0.225827] ..TIMER: vector=0x30 apic1=0 pin1=2 apic2=-1 pin2=-1
[    0.242433] clocksource: tsc-early: mask: 0xffffffffffffffff max_cycles: 0xfc66f4fc7c, max_idle_ns: 440795224246 ns
[    0.242453] Calibrating delay loop (skipped), value calculated using timer frequency.. 2188.80 BogoMIPS (lpj=4377600)
[    0.242537] CPU0: Thermal monitoring enabled (TM1)
[    0.242542] x86/cpu: User Mode Instruction Prevention (UMIP) activated
[    0.242659] process: using mwait in idle threads
[    0.242665] Last level iTLB entries: 4KB 0, 2MB 0, 4MB 0
[    0.242669] Last level dTLB entries: 4KB 0, 2MB 0, 4MB 0, 1GB 0
[    0.242678] Spectre V1 : Mitigation: usercopy/swapgs barriers and __user pointer sanitization
[    0.242685] Spectre V2 : Spectre BHI mitigation: SW BHB clearing on vm exit
[    0.242689] Spectre V2 : Spectre BHI mitigation: SW BHB clearing on syscall
[    0.242691] Spectre V2 : Mitigation: Enhanced / Automatic IBRS
[    0.242694] Spectre V2 : Spectre v2 / SpectreRSB mitigation: Filling RSB on context switch
[    0.242701] Spectre V2 : mitigation: Enabling conditional Indirect Branch Prediction Barrier
[    0.242706] Speculative Store Bypass: Mitigation: Speculative Store Bypass disabled via prctl and seccomp
[    0.242710] Register File Data Sampling: Mitigation: Clear Register File
[    0.242725] x86/fpu: Supporting XSAVE feature 0x001: 'x87 floating point registers'
[    0.242730] x86/fpu: Supporting XSAVE feature 0x002: 'SSE registers'
[    0.242733] x86/fpu: Supporting XSAVE feature 0x008: 'MPX bounds registers'
[    0.242736] x86/fpu: Supporting XSAVE feature 0x010: 'MPX CSR'
[    0.242740] x86/fpu: xstate_offset[3]:  576, xstate_sizes[3]:   64
[    0.242745] x86/fpu: xstate_offset[4]:  640, xstate_sizes[4]:   64
[    0.242749] x86/fpu: Enabled xstate features 0x1b, context size is 704 bytes, using 'compacted' format.
[    0.312315] Freeing SMP alternatives memory: 44K
[    0.312325] pid_max: default: 32768 minimum: 301
[    0.318520] LSM: Security Framework initializing
[    0.318559] landlock: Up and running.
[    0.318562] Yama: becoming mindful.
[    0.318635] AppArmor: AppArmor initialized
[    0.318737] Mount-cache hash table entries: 8192 (order: 4, 65536 bytes, linear)
[    0.318761] Mountpoint-cache hash table entries: 8192 (order: 4, 65536 bytes, linear)
[    0.320334] smpboot: Estimated ratio of average max frequency by base frequency (times 1024): 2606
[    0.320362] smpboot: CPU0: Intel(R) Celeron(R) N4020 CPU @ 1.10GHz (family: 0x6, model: 0x7a, stepping: 0x8)
[    0.320855] Performance Events: PEBS fmt3+, Goldmont plus events, 32-deep LBR, full-width counters, Intel PMU driver.
[    0.320888] ... version:                4
[    0.320891] ... bit width:              48
[    0.320893] ... generic registers:      4
[    0.320895] ... value mask:             0000ffffffffffff
[    0.320898] ... max period:             00007fffffffffff
[    0.320900] ... fixed-purpose events:   3
[    0.320902] ... event mask:             000000070000000f
[    0.321099] signal: max sigframe size: 2032
[    0.321175] rcu: Hierarchical SRCU implementation.
[    0.322445] NMI watchdog: Enabled. Permanently consumes one hw-PMU counter.
[    0.322445] smp: Bringing up secondary CPUs ...
[    0.322445] x86: Booting SMP configuration:
[    0.322445] .... node  #0, CPUs:      #1
[    0.329261] smp: Brought up 1 node, 2 CPUs
[    0.329261] smpboot: Max logical packages: 2
[    0.329261] smpboot: Total of 2 processors activated (4377.60 BogoMIPS)
[    0.329261] devtmpfs: initialized
[    0.330547] x86/mm: Memory block size: 128MB
[    0.331813] ACPI: PM: Registering ACPI NVS region [mem 0x6752c000-0x6758bfff] (393216 bytes)
[    0.331940] clocksource: jiffies: mask: 0xffffffff max_cycles: 0xffffffff, max_idle_ns: 7645041785100000 ns
[    0.331967] futex hash table entries: 1024 (order: 4, 65536 bytes, linear)
[    0.332108] pinctrl core: initialized pinctrl subsystem
[    0.332461] PM: RTC time: 18:14:40, date: 2024-08-16
[    0.332849] NET: Registered PF_NETLINK/PF_ROUTE protocol family
[    0.333272] DMA: preallocated 512 KiB GFP_KERNEL pool for atomic allocations
[    0.333402] DMA: preallocated 512 KiB GFP_KERNEL|GFP_DMA pool for atomic allocations
[    0.333527] DMA: preallocated 512 KiB GFP_KERNEL|GFP_DMA32 pool for atomic allocations
[    0.333547] audit: initializing netlink subsys (disabled)
[    0.333609] audit: type=2000 audit(1723832080.112:1): state=initialized audit_enabled=0 res=1
[    0.333609] thermal_sys: Registered thermal governor 'fair_share'
[    0.333609] thermal_sys: Registered thermal governor 'bang_bang'
[    0.333609] thermal_sys: Registered thermal governor 'step_wise'
[    0.333609] thermal_sys: Registered thermal governor 'user_space'
[    0.333609] thermal_sys: Registered thermal governor 'power_allocator'
[    0.333609] EISA bus registered
[    0.333609] cpuidle: using governor ladder
[    0.333609] cpuidle: using governor menu
[    0.333609] ACPI FADT declares the system doesn't support PCIe ASPM, so disable it
[    0.333609] ACPI: bus type PCI registered
[    0.333609] acpiphp: ACPI Hot Plug PCI Controller Driver version: 0.5
[    0.333609] PCI: MMCONFIG for domain 0000 [bus 00-3f] at [mem 0xe0000000-0xe3ffffff] (base 0xe0000000)
[    0.333609] PCI: MMCONFIG at [mem 0xe0000000-0xe3ffffff] reserved in E820
[    0.334455] PCI: Using configuration type 1 for base access
[    0.338859] kprobes: kprobe jump-optimization is enabled. All kprobes are optimized if possible.
[    0.338931] HugeTLB registered 1.00 GiB page size, pre-allocated 0 pages
[    0.338931] HugeTLB registered 2.00 MiB page size, pre-allocated 0 pages
[    0.342675] ACPI: Added _OSI(Module Device)
[    0.342680] ACPI: Added _OSI(Processor Device)
[    0.342683] ACPI: Added _OSI(3.0 _SCP Extensions)
[    0.342686] ACPI: Added _OSI(Processor Aggregator Device)
[    0.342690] ACPI: Added _OSI(Linux-Dell-Video)
[    0.342693] ACPI: Added _OSI(Linux-Lenovo-NV-HDMI-Audio)
[    0.342696] ACPI: Added _OSI(Linux-HPI-Hybrid-Graphics)
[    0.377532] ACPI: 10 ACPI AML tables successfully acquired and loaded
[    0.396582] ACPI: Dynamic OEM Table Load:
[    0.396608] ACPI: SSDT 0xFFFF93224027C800 000102 (v02 PmRef  Cpu0Cst  00003001 INTL 20130117)
[    0.399314] ACPI: Dynamic OEM Table Load:
[    0.399335] ACPI: SSDT 0xFFFF93224027DA00 00015F (v02 PmRef  ApIst    00003000 INTL 20130117)
[    0.401373] ACPI: Dynamic OEM Table Load:
[    0.401393] ACPI: SSDT 0xFFFF932240FD7B40 00008D (v02 PmRef  ApCst    00003000 INTL 20130117)
[    0.403934] ACPI: EC: EC started
[    0.403938] ACPI: EC: interrupt blocked
[    0.404823] ACPI: EC: EC_CMD/EC_SC=0x66, EC_DATA=0x62
[    0.404832] ACPI: \_SB_.PCI0.LPCB.EC0_: Boot DSDT EC used to handle transactions
[    0.404838] ACPI: Interpreter enabled
[    0.404914] ACPI: PM: (supports S0 S3 S4 S5)
[    0.404918] ACPI: Using IOAPIC for interrupt routing
[    0.405012] PCI: Using host bridge windows from ACPI; if necessary, use "pci=nocrs" and report a bug
[    0.405017] PCI: Using E820 reservations for host bridge windows
[    0.405840] ACPI: Enabled 6 GPEs in block 00 to 7F
[    0.409698] ACPI: PM: Power Resource [DRST]
[    0.410335] ACPI: PM: Power Resource [DRST]
[    0.411443] ACPI: PM: Power Resource [DRST]
[    0.412081] ACPI: PM: Power Resource [DRST]
[    0.412733] ACPI: PM: Power Resource [DRST]
[    0.420762] ACPI: PM: Power Resource [WRST]
[    0.431992] ACPI: PCI Root Bridge [PCI0] (domain 0000 [bus 00-ff])
[    0.432013] acpi PNP0A08:00: _OSC: OS supports [ExtendedConfig ASPM ClockPM Segments MSI EDR HPX-Type3]
[    0.434442] acpi PNP0A08:00: _OSC: OS now controls [PCIeHotplug SHPCHotplug PME AER PCIeCapability LTR DPC]
[    0.434449] acpi PNP0A08:00: FADT indicates ASPM is unsupported, using BIOS configuration
[    0.434491] acpi PNP0A08:00: [Firmware Info]: MMCONFIG for domain 0000 [bus 00-3f] only partially covers this bridge
[    0.436422] PCI host bridge to bus 0000:00
[    0.436432] pci_bus 0000:00: root bus resource [io  0x0070-0x0077]
[    0.436439] pci_bus 0000:00: root bus resource [bus 00-ff]
[    0.436444] pci_bus 0000:00: root bus resource [io  0x0000-0x006f window]
[    0.436449] pci_bus 0000:00: root bus resource [io  0x0078-0x0cf7 window]
[    0.436453] pci_bus 0000:00: root bus resource [io  0x0d00-0xffff window]
[    0.436458] pci_bus 0000:00: root bus resource [mem 0xfee00000-0xfeefffff window]
[    0.436463] pci_bus 0000:00: root bus resource [mem 0x000a0000-0x000fffff window]
[    0.436468] pci_bus 0000:00: root bus resource [mem 0x7c000001-0xbfffffff window]
[    0.436472] pci_bus 0000:00: root bus resource [mem 0xe0000000-0xefffffff window]
[    0.436477] pci_bus 0000:00: root bus resource [mem 0xfea00000-0xfeafffff window]
[    0.436482] pci_bus 0000:00: root bus resource [mem 0xfed00000-0xfed003ff window]
[    0.436486] pci_bus 0000:00: root bus resource [mem 0xfed01000-0xfed01fff window]
[    0.436491] pci_bus 0000:00: root bus resource [mem 0xfed03000-0xfed03fff window]
[    0.436495] pci_bus 0000:00: root bus resource [mem 0xfed06000-0xfed06fff window]
[    0.436499] pci_bus 0000:00: root bus resource [mem 0xfed08000-0xfed09fff window]
[    0.436504] pci_bus 0000:00: root bus resource [mem 0xfed1c000-0xfed1cfff window]
[    0.436508] pci_bus 0000:00: root bus resource [mem 0xfed80000-0xfedbffff window]
[    0.437650] pci 0000:00:00.0: [8086:31f0] type 00 class 0x060000
[    0.439033] pci 0000:00:00.1: [8086:318c] type 00 class 0x118000
[    0.439077] pci 0000:00:00.1: reg 0x10: [mem 0x80000000-0x80007fff 64bit]
[    0.439955] pci 0000:00:00.3: [8086:3190] type 00 class 0x088000
[    0.439980] pci 0000:00:00.3: reg 0x10: [mem 0xa1416000-0xa1416fff 64bit]
[    0.441848] pci 0000:00:02.0: [8086:3185] type 00 class 0x030000
[    0.441869] pci 0000:00:02.0: reg 0x10: [mem 0xa0000000-0xa0ffffff 64bit]
[    0.441883] pci 0000:00:02.0: reg 0x18: [mem 0x90000000-0x9fffffff 64bit pref]
[    0.441893] pci 0000:00:02.0: reg 0x20: [io  0x2000-0x203f]
[    0.441929] pci 0000:00:02.0: BAR 2: assigned to efifb
[    0.441939] pci 0000:00:02.0: Video device with shadowed ROM at [mem 0x000c0000-0x000dffff]
[    0.443645] pci 0000:00:0e.0: [8086:3198] type 00 class 0x040300
[    0.443676] pci 0000:00:0e.0: reg 0x10: [mem 0xa1410000-0xa1413fff 64bit]
[    0.443715] pci 0000:00:0e.0: reg 0x20: [mem 0xa1000000-0xa10fffff 64bit]
[    0.443804] pci 0000:00:0e.0: PME# supported from D0 D3hot D3cold
[    0.445784] pci 0000:00:0f.0: [8086:319a] type 00 class 0x078000
[    0.445828] pci 0000:00:0f.0: reg 0x10: [mem 0xa1417000-0xa1417fff 64bit]
[    0.445979] pci 0000:00:0f.0: PME# supported from D3hot
[    0.447327] pci 0000:00:12.0: [8086:31e3] type 00 class 0x010601
[    0.447353] pci 0000:00:12.0: reg 0x10: [mem 0xa1414000-0xa1415fff]
[    0.447369] pci 0000:00:12.0: reg 0x14: [mem 0xa1420000-0xa14200ff]
[    0.447382] pci 0000:00:12.0: reg 0x18: [io  0x2080-0x2087]
[    0.447397] pci 0000:00:12.0: reg 0x1c: [io  0x2088-0x208b]
[    0.447412] pci 0000:00:12.0: reg 0x20: [io  0x2060-0x207f]
[    0.447426] pci 0000:00:12.0: reg 0x24: [mem 0xa141e000-0xa141e7ff]
[    0.447498] pci 0000:00:12.0: PME# supported from D3hot
[    0.448793] pci 0000:00:13.0: [8086:31d8] type 01 class 0x060400
[    0.448922] pci 0000:00:13.0: PME# supported from D0 D3hot D3cold
[    0.450295] pci 0000:00:14.0: [8086:31d6] type 01 class 0x060400
[    0.450416] pci 0000:00:14.0: PME# supported from D0 D3hot D3cold
[    0.451755] pci 0000:00:14.1: [8086:31d7] type 01 class 0x060400
[    0.451880] pci 0000:00:14.1: PME# supported from D0 D3hot D3cold
[    0.453259] pci 0000:00:15.0: [8086:31a8] type 00 class 0x0c0330
[    0.453288] pci 0000:00:15.0: reg 0x10: [mem 0xa1400000-0xa140ffff 64bit]
[    0.453388] pci 0000:00:15.0: PME# supported from D3hot D3cold
[    0.454748] pci 0000:00:17.0: [8086:31b4] type 00 class 0x118000
[    0.454779] pci 0000:00:17.0: reg 0x10: [mem 0xa1418000-0xa1418fff 64bit]
[    0.454798] pci 0000:00:17.0: reg 0x18: [mem 0xa1419000-0xa1419fff 64bit]
[    0.456163] pci 0000:00:17.3: [8086:31ba] type 00 class 0x118000
[    0.456196] pci 0000:00:17.3: reg 0x10: [mem 0xa141a000-0xa141afff 64bit]
[    0.456215] pci 0000:00:17.3: reg 0x18: [mem 0xa141b000-0xa141bfff 64bit]
[    0.457614] pci 0000:00:1c.0: [8086:31cc] type 00 class 0x080501
[    0.457666] pci 0000:00:1c.0: reg 0x10: [mem 0xa141c000-0xa141cfff 64bit]
[    0.457694] pci 0000:00:1c.0: reg 0x18: [mem 0xa141d000-0xa141dfff 64bit]
[    0.459407] pci 0000:00:1f.0: [8086:31e8] type 00 class 0x060100
[    0.460309] pci 0000:00:1f.1: [8086:31d4] type 00 class 0x0c0500
[    0.460386] pci 0000:00:1f.1: reg 0x10: [mem 0xa141f000-0xa141f0ff 64bit]
[    0.460477] pci 0000:00:1f.1: reg 0x20: [io  0x2040-0x205f]
[    0.461376] pci 0000:01:00.0: [1e95:9100] type 00 class 0x010802
[    0.461415] pci 0000:01:00.0: reg 0x10: [mem 0xa1300000-0xa1303fff 64bit]
[    0.461485] pci 0000:01:00.0: Upstream bridge's Max Payload Size set to 128 (was 256, max 256)
[    0.461495] pci 0000:01:00.0: Max Payload Size set to 128 (was 128, max 128)
[    0.461726] pci 0000:01:00.0: 8.000 Gb/s available PCIe bandwidth, limited by 5.0 GT/s PCIe x2 link at 0000:00:13.0 (capable of 15.752 Gb/s with 8.0 GT/s PCIe x2 link)
[    0.461905] pci 0000:00:13.0: PCI bridge to [bus 01]
[    0.461916] pci 0000:00:13.0:   bridge window [mem 0xa1300000-0xa13fffff]
[    0.462098] pci 0000:02:00.0: [10ec:522a] type 00 class 0xff0000
[    0.462148] pci 0000:02:00.0: reg 0x10: [mem 0xa1200000-0xa1200fff]
[    0.462273] pci 0000:02:00.0: Upstream bridge's Max Payload Size set to 128 (was 256, max 256)
[    0.462287] pci 0000:02:00.0: Max Payload Size set to 128 (was 128, max 128)
[    0.462444] pci 0000:02:00.0: supports D1 D2
[    0.462445] pci 0000:02:00.0: PME# supported from D1 D2 D3hot D3cold
[    0.462830] pci 0000:00:14.0: PCI bridge to [bus 02]
[    0.462840] pci 0000:00:14.0:   bridge window [mem 0xa1200000-0xa12fffff]
[    0.463031] pci 0000:03:00.0: [10ec:c822] type 00 class 0x028000
[    0.463080] pci 0000:03:00.0: reg 0x10: [io  0x1000-0x10ff]
[    0.463144] pci 0000:03:00.0: reg 0x18: [mem 0xa1100000-0xa110ffff 64bit]
[    0.463229] pci 0000:03:00.0: Upstream bridge's Max Payload Size set to 128 (was 256, max 256)
[    0.463243] pci 0000:03:00.0: Max Payload Size set to 128 (was 128, max 128)
[    0.463404] pci 0000:03:00.0: supports D1 D2
[    0.463408] pci 0000:03:00.0: PME# supported from D0 D1 D2 D3hot D3cold
[    0.463787] pci 0000:00:14.1: PCI bridge to [bus 03]
[    0.463796] pci 0000:00:14.1:   bridge window [io  0x1000-0x1fff]
[    0.463803] pci 0000:00:14.1:   bridge window [mem 0xa1100000-0xa11fffff]
[    0.466968] ACPI: PCI: Interrupt link LNKA configured for IRQ 3
[    0.467189] ACPI: PCI: Interrupt link LNKB configured for IRQ 4
[    0.467407] ACPI: PCI: Interrupt link LNKC configured for IRQ 5
[    0.467630] ACPI: PCI: Interrupt link LNKD configured for IRQ 6
[    0.467847] ACPI: PCI: Interrupt link LNKE configured for IRQ 7
[    0.468064] ACPI: PCI: Interrupt link LNKF configured for IRQ 9
[    0.468289] ACPI: PCI: Interrupt link LNKG configured for IRQ 10
[    0.468505] ACPI: PCI: Interrupt link LNKH configured for IRQ 11
[    0.475142] ACPI: EC: interrupt unblocked
[    0.475145] ACPI: EC: event unblocked
[    0.475164] ACPI: EC: EC_CMD/EC_SC=0x66, EC_DATA=0x62
[    0.475168] ACPI: EC: GPE=0x25
[    0.475173] ACPI: \_SB_.PCI0.LPCB.EC0_: Boot DSDT EC initialization complete
[    0.475179] ACPI: \_SB_.PCI0.LPCB.EC0_: EC: Used to handle transactions and events
[    0.475336] iommu: Default domain type: Translated 
[    0.475336] iommu: DMA domain TLB invalidation policy: lazy mode 
[    0.475336] SCSI subsystem initialized
[    0.475336] libata version 3.00 loaded.
[    0.475336] pci 0000:00:02.0: vgaarb: setting as boot VGA device
[    0.475336] pci 0000:00:02.0: vgaarb: VGA device added: decodes=io+mem,owns=io+mem,locks=none
[    0.475336] pci 0000:00:02.0: vgaarb: bridge control possible
[    0.475336] vgaarb: loaded
[    0.475336] ACPI: bus type USB registered
[    0.475336] usbcore: registered new interface driver usbfs
[    0.475336] usbcore: registered new interface driver hub
[    0.475336] usbcore: registered new device driver usb
[    0.475336] pps_core: LinuxPPS API ver. 1 registered
[    0.475336] pps_core: Software ver. 5.3.6 - Copyright 2005-2007 Rodolfo Giometti <giometti@linux.it>
[    0.475336] PTP clock support registered
[    0.475336] EDAC MC: Ver: 3.0.0
[    0.475336] Registered efivars operations
[    0.475336] NetLabel: Initializing
[    0.475336] NetLabel:  domain hash size = 128
[    0.475336] NetLabel:  protocols = UNLABELED CIPSOv4 CALIPSO
[    0.475336] NetLabel:  unlabeled traffic allowed by default
[    0.475336] PCI: Using ACPI for IRQ routing
[    0.482038] PCI: pci_cache_line_size set to 64 bytes
[    0.482261] Expanded resource Reserved due to conflict with PCI Bus 0000:00
[    0.482267] e820: reserve RAM buffer [mem 0x00058000-0x0005ffff]
[    0.482273] e820: reserve RAM buffer [mem 0x00086000-0x0008ffff]
[    0.482277] e820: reserve RAM buffer [mem 0x535c8018-0x53ffffff]
[    0.482281] e820: reserve RAM buffer [mem 0x61669000-0x63ffffff]
[    0.482284] e820: reserve RAM buffer [mem 0x6407c000-0x67ffffff]
[    0.482288] e820: reserve RAM buffer [mem 0x68c8e000-0x6bffffff]
[    0.482291] e820: reserve RAM buffer [mem 0x69c00000-0x6bffffff]
[    0.491403] hpet0: at MMIO 0xfed00000, IRQs 2, 8, 0, 0, 0, 0, 0, 0
[    0.491430] hpet0: 8 comparators, 64-bit 19.200000 MHz counter
[    0.493597] clocksource: Switched to clocksource tsc-early
[    0.520453] VFS: Disk quotas dquot_6.6.0
[    0.520490] VFS: Dquot-cache hash table entries: 512 (order 0, 4096 bytes)
[    0.520825] AppArmor: AppArmor Filesystem Enabled
[    0.520967] pnp: PnP ACPI init
[    0.521537] pnp 00:00: disabling [io  0x164e-0x164f] because it overlaps 0000:00:14.1 BAR 13 [io  0x1000-0x1fff]
[    0.521621] system 00:00: [io  0x0680-0x069f] has been reserved
[    0.521629] system 00:00: [io  0x0400-0x047f] could not be reserved
[    0.521635] system 00:00: [io  0x0500-0x05fe] has been reserved
[    0.521640] system 00:00: [io  0x0600-0x061f] has been reserved
[    0.522767] system 00:02: [mem 0xe0000000-0xefffffff] could not be reserved
[    0.522775] system 00:02: [mem 0xfea00000-0xfeafffff] has been reserved
[    0.522780] system 00:02: [mem 0xfed01000-0xfed01fff] has been reserved
[    0.522785] system 00:02: [mem 0xfed03000-0xfed03fff] has been reserved
[    0.522790] system 00:02: [mem 0xfed06000-0xfed06fff] has been reserved
[    0.522795] system 00:02: [mem 0xfed08000-0xfed09fff] has been reserved
[    0.522800] system 00:02: [mem 0xfed80000-0xfedbffff] has been reserved
[    0.522805] system 00:02: [mem 0xfed1c000-0xfed1cfff] has been reserved
[    0.522810] system 00:02: [mem 0xfee00000-0xfeefffff] has been reserved
[    0.524051] pnp: PnP ACPI: found 4 devices
[    0.532472] clocksource: acpi_pm: mask: 0xffffff max_cycles: 0xffffff, max_idle_ns: 2085701024 ns
[    0.532629] NET: Registered PF_INET protocol family
[    0.532803] IP idents hash table entries: 65536 (order: 7, 524288 bytes, linear)
[    0.534952] tcp_listen_portaddr_hash hash table entries: 2048 (order: 3, 32768 bytes, linear)
[    0.535031] Table-perturb hash table entries: 65536 (order: 6, 262144 bytes, linear)
[    0.535099] TCP established hash table entries: 32768 (order: 6, 262144 bytes, linear)
[    0.535348] TCP bind hash table entries: 32768 (order: 7, 524288 bytes, linear)
[    0.535483] TCP: Hash tables configured (established 32768 bind 32768)
[    0.535639] MPTCP token hash table entries: 4096 (order: 4, 98304 bytes, linear)
[    0.535698] UDP hash table entries: 2048 (order: 4, 65536 bytes, linear)
[    0.535740] UDP-Lite hash table entries: 2048 (order: 4, 65536 bytes, linear)
[    0.535857] NET: Registered PF_UNIX/PF_LOCAL protocol family
[    0.535874] NET: Registered PF_XDP protocol family
[    0.535911] pci 0000:00:13.0: PCI bridge to [bus 01]
[    0.535925] pci 0000:00:13.0:   bridge window [mem 0xa1300000-0xa13fffff]
[    0.535940] pci 0000:00:14.0: PCI bridge to [bus 02]
[    0.535947] pci 0000:00:14.0:   bridge window [mem 0xa1200000-0xa12fffff]
[    0.535959] pci 0000:00:14.1: PCI bridge to [bus 03]
[    0.535965] pci 0000:00:14.1:   bridge window [io  0x1000-0x1fff]
[    0.535972] pci 0000:00:14.1:   bridge window [mem 0xa1100000-0xa11fffff]
[    0.535985] pci_bus 0000:00: resource 4 [io  0x0070-0x0077]
[    0.535991] pci_bus 0000:00: resource 5 [io  0x0000-0x006f window]
[    0.535996] pci_bus 0000:00: resource 6 [io  0x0078-0x0cf7 window]
[    0.536000] pci_bus 0000:00: resource 7 [io  0x0d00-0xffff window]
[    0.536005] pci_bus 0000:00: resource 8 [mem 0xfee00000-0xfeefffff window]
[    0.536010] pci_bus 0000:00: resource 9 [mem 0x000a0000-0x000fffff window]
[    0.536014] pci_bus 0000:00: resource 10 [mem 0x7c000001-0xbfffffff window]
[    0.536019] pci_bus 0000:00: resource 11 [mem 0xe0000000-0xefffffff window]
[    0.536024] pci_bus 0000:00: resource 12 [mem 0xfea00000-0xfeafffff window]
[    0.536028] pci_bus 0000:00: resource 13 [mem 0xfed00000-0xfed003ff window]
[    0.536033] pci_bus 0000:00: resource 14 [mem 0xfed01000-0xfed01fff window]
[    0.536037] pci_bus 0000:00: resource 15 [mem 0xfed03000-0xfed03fff window]
[    0.536042] pci_bus 0000:00: resource 16 [mem 0xfed06000-0xfed06fff window]
[    0.536046] pci_bus 0000:00: resource 17 [mem 0xfed08000-0xfed09fff window]
[    0.536051] pci_bus 0000:00: resource 18 [mem 0xfed1c000-0xfed1cfff window]
[    0.536055] pci_bus 0000:00: resource 19 [mem 0xfed80000-0xfedbffff window]
[    0.536060] pci_bus 0000:01: resource 1 [mem 0xa1300000-0xa13fffff]
[    0.536065] pci_bus 0000:02: resource 1 [mem 0xa1200000-0xa12fffff]
[    0.536070] pci_bus 0000:03: resource 0 [io  0x1000-0x1fff]
[    0.536074] pci_bus 0000:03: resource 1 [mem 0xa1100000-0xa11fffff]
[    0.538314] PCI: CLS 64 bytes, default 64
[    0.538393] PCI-DMA: Using software bounce buffering for IO (SWIOTLB)
[    0.538397] software IO TLB: mapped [mem 0x000000005d548000-0x0000000061548000] (64MB)
[    0.538565] clocksource: tsc: mask: 0xffffffffffffffff max_cycles: 0xfc66f4fc7c, max_idle_ns: 440795224246 ns
[    0.538858] clocksource: Switched to clocksource tsc
[    0.538926] sgx: EPC section 0x70200000-0x75ffffff
[    0.538942] pmd_set_huge: Cannot satisfy [mem 0x70200000-0x70400000] with a huge-page mapping due to MTRR override.
[    0.540062] Trying to unpack rootfs image as initramfs...
[    0.550141] Initialise system trusted keyrings
[    0.550167] Key type blacklist registered
[    0.550276] workingset: timestamp_bits=36 max_order=20 bucket_order=0
[    0.553692] zbud: loaded
[    0.554362] squashfs: version 4.0 (2009/01/31) Phillip Lougher
[    0.561075] fuse: init (API version 7.34)
[    0.561459] integrity: Platform Keyring initialized
[    0.601046] Key type asymmetric registered
[    0.601055] Asymmetric key parser 'x509' registered
[    0.601128] Block layer SCSI generic (bsg) driver version 0.4 loaded (major 243)
[    0.609059] io scheduler mq-deadline registered
[    0.610043] pcieport 0000:00:13.0: PME: Signaling with IRQ 122
[    0.610525] pcieport 0000:00:14.0: PME: Signaling with IRQ 123
[    0.610960] pcieport 0000:00:14.1: PME: Signaling with IRQ 124
[    0.611145] shpchp: Standard Hot Plug PCI Controller Driver version: 0.4
[    0.612002] ACPI: AC: AC Adapter [ADP0] (off-line)
[    0.612150] input: Lid Switch as /devices/LNXSYSTM:00/LNXSYBUS:00/PNP0C0D:00/input/input0
[    0.612200] ACPI: button: Lid Switch [LID0]
[    0.612282] input: Power Button as /devices/LNXSYSTM:00/LNXSYBUS:00/PNP0C0C:00/input/input1
[    0.612330] ACPI: button: Power Button [PWRB]
[    0.612414] input: Power Button as /devices/LNXSYSTM:00/LNXPWRBN:00/input/input2
[    0.612508] ACPI: button: Power Button [PWRF]
[    0.626052] ACPI: \_TZ_.TZ01: Invalid active0 threshold
[    0.626444] thermal LNXTHERM:00: registered as thermal_zone0
[    0.626450] ACPI: thermal: Thermal Zone [TZ01] (47 C)
[    0.628492] Serial: 8250/16550 driver, 32 ports, IRQ sharing enabled
[    0.633211] Linux agpgart interface v0.103
[    0.652485] loop: module loaded
[    0.653229] tun: Universal TUN/TAP device driver, 1.6
[    0.653301] PPP generic driver version 2.4.2
[    0.653439] VFIO - User Level meta-driver version: 0.3
[    0.657517] ehci_hcd: USB 2.0 'Enhanced' Host Controller (EHCI) Driver
[    0.657528] ehci-pci: EHCI PCI platform driver
[    0.657552] ehci-platform: EHCI generic platform driver
[    0.657574] ohci_hcd: USB 1.1 'Open' Host Controller (OHCI) Driver
[    0.657580] ohci-pci: OHCI PCI platform driver
[    0.657600] ohci-platform: OHCI generic platform driver
[    0.657622] uhci_hcd: USB Universal Host Controller Interface driver
[    0.657766] i8042: PNP: PS/2 Controller [PNP0303:PS2K] at 0x60,0x64 irq 1
[    0.657773] i8042: PNP: PS/2 appears to have AUX port disabled, if this is incorrect please boot with i8042.nopnp
[    0.658934] serio: i8042 KBD port at 0x60,0x64 irq 1
[    0.659155] mousedev: PS/2 mouse device common for all mice
[    0.659485] rtc_cmos 00:03: RTC can wake from S4
[    0.660405] rtc_cmos 00:03: registered as rtc0
[    0.660600] rtc_cmos 00:03: setting system clock to 2024-08-16T18:14:40 UTC (1723832080)
[    0.660667] rtc_cmos 00:03: alarms up to one month, y3k, 242 bytes nvram
[    0.660689] i2c_dev: i2c /dev entries driver
[    0.660811] device-mapper: core: CONFIG_IMA_DISABLE_HTABLE is disabled. Duplicate IMA measurements will not be recorded in the IMA log.
[    0.660882] device-mapper: uevent: version 1.0.3
[    0.661045] device-mapper: ioctl: 4.45.0-ioctl (2021-03-22) initialised: dm-devel@redhat.com
[    0.661117] platform eisa.0: Probing EISA bus 0
[    0.661124] platform eisa.0: EISA: Cannot allocate resource for mainboard
[    0.661129] platform eisa.0: Cannot allocate resource for EISA slot 1
[    0.661133] platform eisa.0: Cannot allocate resource for EISA slot 2
[    0.661137] platform eisa.0: Cannot allocate resource for EISA slot 3
[    0.661141] platform eisa.0: Cannot allocate resource for EISA slot 4
[    0.661145] platform eisa.0: Cannot allocate resource for EISA slot 5
[    0.661148] platform eisa.0: Cannot allocate resource for EISA slot 6
[    0.661152] platform eisa.0: Cannot allocate resource for EISA slot 7
[    0.661155] platform eisa.0: Cannot allocate resource for EISA slot 8
[    0.661159] platform eisa.0: EISA: Detected 0 cards
[    0.661183] intel_pstate: Intel P-state driver initializing
[    0.661986] input: AT Translated Set 2 keyboard as /devices/platform/i8042/serio0/input/input3
[    0.662101] ledtrig-cpu: registered to indicate activity on CPUs
[    0.662158] efifb: probing for efifb
[    0.662206] efifb: showing boot graphics
[    0.664091] efifb: framebuffer at 0x90000000, using 4128k, total 4128k
[    0.664094] efifb: mode is 1366x768x32, linelength=5504, pages=1
[    0.664096] efifb: scrolling: redraw
[    0.664097] efifb: Truecolor: size=8:8:8:8, shift=24:16:8:0
[    0.669001] fbcon: Deferring console take-over
[    0.669007] fb0: EFI VGA frame buffer device
[    0.669029] EFI Variables Facility v0.08 2004-May-17
[    0.721712] ACPI: battery: Slot [BAT0] (battery present)
[    0.736189] drop_monitor: Initializing network drop monitor service
[    0.736393] NET: Registered PF_INET6 protocol family
[    1.773887] Freeing initrd memory: 132912K
[    1.783516] Segment Routing with IPv6
[    1.783557] In-situ OAM (IOAM) with IPv6
[    1.783593] NET: Registered PF_PACKET protocol family
[    1.783684] Key type dns_resolver registered
[    1.784013] microcode: sig=0x706a8, pf=0x1, revision=0x24
[    1.784022] microcode: Microcode Update Driver: v2.2.
[    1.784066] resctrl: L2 allocation detected
[    1.784076] IPI shorthand broadcast: enabled
[    1.784099] sched_clock: Marking stable (1783095611, 944228)->(1789740878, -5701039)
[    1.784267] registered taskstats version 1
[    1.784447] Loading compiled-in X.509 certificates
[    1.785488] Loaded X.509 cert 'Build time autogenerated kernel key: 2f322af05166b99aa790ffff5e1f713c37ac6407'
[    1.786356] Loaded X.509 cert 'Canonical Ltd. Live Patch Signing: 14df34d1a87cf37625abec039ef2bf521249b969'
[    1.787200] Loaded X.509 cert 'Canonical Ltd. Kernel Module Signing: 88f752e560a1e0737e31163a466ad7b70a850c19'
[    1.787202] blacklist: Loading compiled-in revocation X.509 certificates
[    1.787225] Loaded X.509 cert 'Canonical Ltd. Secure Boot Signing: 61482aa2830d0ab2ad5af10b7250da9033ddcef0'
[    1.787248] Loaded X.509 cert 'Canonical Ltd. Secure Boot Signing (2017): 242ade75ac4a15e50d50c84b0d45ff3eae707a03'
[    1.787269] Loaded X.509 cert 'Canonical Ltd. Secure Boot Signing (ESM 2018): 365188c1d374d6b07c3c8f240f8ef722433d6a8b'
[    1.787289] Loaded X.509 cert 'Canonical Ltd. Secure Boot Signing (2019): c0746fd6c5da3ae827864651ad66ae47fe24b3e8'
[    1.787309] Loaded X.509 cert 'Canonical Ltd. Secure Boot Signing (2021 v1): a8d54bbb3825cfb94fa13c9f8a594a195c107b8d'
[    1.787329] Loaded X.509 cert 'Canonical Ltd. Secure Boot Signing (2021 v2): 4cf046892d6fd3c9a5b03f98d845f90851dc6a8c'
[    1.787347] Loaded X.509 cert 'Canonical Ltd. Secure Boot Signing (2021 v3): 100437bb6de6e469b581e61cd66bce3ef4ed53af'
[    1.787366] Loaded X.509 cert 'Canonical Ltd. Secure Boot Signing (Ubuntu Core 2019): c1d57b8f6b743f23ee41f4f7ee292f06eecadfb9'
[    1.787549] zswap: loaded using pool lzo/zbud
[    1.787897] Key type .fscrypt registered
[    1.787899] Key type fscrypt-provisioning registered
[    1.787944] Key type trusted registered
[    1.792633] Key type encrypted registered
[    1.792641] AppArmor: AppArmor sha1 policy hashing enabled
[    1.794863] integrity: Loading X.509 certificate: UEFI:db
[    1.794945] integrity: Loaded X.509 cert 'Microsoft Windows Production PCA 2011: a92902398e16c49778cd90f99e4f9ae17c55af53'
[    1.794947] integrity: Loading X.509 certificate: UEFI:db
[    1.794976] integrity: Loaded X.509 cert 'Microsoft Corporation UEFI CA 2011: 13adbf4309bd82709c8cd54f316ed522988a1bd4'
[    1.794978] integrity: Loading X.509 certificate: UEFI:db
[    1.794995] integrity: Loaded X.509 cert ': 302c4fb99147bea64bac9cc6440a11a5'
[    1.796584] integrity: Loading X.509 certificate: UEFI:MokListRT (MOKvar table)
[    1.797079] integrity: Loaded X.509 cert 'Canonical Ltd. Master Certificate Authority: ad91990bc22ab1f517048c23b6655a268e345a63'
[    1.797088] Loading compiled-in module X.509 certificates
[    1.797967] Loaded X.509 cert 'Build time autogenerated kernel key: 2f322af05166b99aa790ffff5e1f713c37ac6407'
[    1.797970] ima: Allocated hash algorithm: sha1
[    1.829245] ima: No architecture policies found
[    1.829272] evm: Initialising EVM extended attributes:
[    1.829273] evm: security.selinux
[    1.829274] evm: security.SMACK64
[    1.829276] evm: security.SMACK64EXEC
[    1.829276] evm: security.SMACK64TRANSMUTE
[    1.829277] evm: security.SMACK64MMAP
[    1.829278] evm: security.apparmor
[    1.829279] evm: security.ima
[    1.829279] evm: security.capability
[    1.829280] evm: HMAC attrs: 0x1
[    1.829846] PM:   Magic number: 4:293:241
[    1.830302] RAS: Correctable Errors collector initialized.
[    1.830325] clk: Disabling unused clocks
[    1.831590] Freeing unused decrypted memory: 2036K
[    1.832367] Freeing unused kernel image (initmem) memory: 3368K
[    1.832370] Write protecting the kernel read-only data: 30720k
[    1.833205] Freeing unused kernel image (text/rodata gap) memory: 2036K
[    1.833632] Freeing unused kernel image (rodata/data gap) memory: 1328K
[    1.854518] x86/mm: Checked W+X mappings: passed, no W+X pages found.
[    1.854531] Run /init as init process
[    1.854533]   with arguments:
[    1.854535]     /init
[    1.854536]     splash
[    1.854538]   with environment:
[    1.854539]     HOME=/
[    1.854540]     TERM=linux
[    1.854540]     BOOT_IMAGE=/boot/vmlinuz-5.15.0-118-generic
[    2.141932] ahci 0000:00:12.0: version 3.0
[    2.142228] ahci 0000:00:12.0: AHCI 0001.0301 32 slots 1 ports 6 Gbps 0x1 impl SATA mode
[    2.142233] ahci 0000:00:12.0: flags: 64bit ncq sntf pm clo only pmp pio slum part deso sadm sds apst 
[    2.143828] hid: raw HID events driver (C) Jiri Kosina
[    2.148793] scsi host0: ahci
[    2.148892] ata1: SATA max UDMA/133 abar m2048@0xa141e000 port 0xa141e100 irq 125
[    2.167430] sdhci: Secure Digital Host Controller Interface driver
[    2.167435] sdhci: Copyright(c) Pierre Ossman
[    2.181561] cryptd: max_cpu_qlen set to 1000
[    2.463650] ata1: SATA link down (SStatus 4 SControl 300)
[    2.467288] idma64 idma64.0: Found Intel integrated DMA 64-bit
[    2.468702] xhci_hcd 0000:00:15.0: xHCI Host Controller
[    2.468710] xhci_hcd 0000:00:15.0: new USB bus registered, assigned bus number 1
[    2.471991] i801_smbus 0000:00:1f.1: SPD Write Disable is set
[    2.472038] i801_smbus 0000:00:1f.1: SMBus using PCI interrupt
[    2.476032] sdhci-pci 0000:00:1c.0: SDHCI controller found [8086:31cc] (rev 6)
[    2.476384] mmc0: CQHCI version 5.10
[    2.477036] xhci_hcd 0000:00:15.0: hcc params 0x200077c1 hci version 0x100 quirks 0x0000000000009810
[    2.477301] xhci_hcd 0000:00:15.0: xHCI Host Controller
[    2.477307] xhci_hcd 0000:00:15.0: new USB bus registered, assigned bus number 2
[    2.477313] xhci_hcd 0000:00:15.0: Host supports USB 3.0 SuperSpeed
[    2.479830] usb usb1: New USB device found, idVendor=1d6b, idProduct=0002, bcdDevice= 5.15
[    2.479834] usb usb1: New USB device strings: Mfr=3, Product=2, SerialNumber=1
[    2.479836] usb usb1: Product: xHCI Host Controller
[    2.479838] usb usb1: Manufacturer: Linux 5.15.0-118-generic xhci-hcd
[    2.479840] usb usb1: SerialNumber: 0000:00:15.0
[    2.479957] hub 1-0:1.0: USB hub found
[    2.480026] i2c i2c-0: 1/1 memory slots populated (from DMI)
[    2.480074] hub 1-0:1.0: 9 ports detected
[    2.480249] ACPI Warning: \_SB.PCI0.XHC.RHUB.HS05._UPC: Return Package is too small - found 1 elements, expected 4 (20210730/nsprepkg-362)
[    2.480549] nvme nvme0: pci function 0000:01:00.0
[    2.481122] usb usb2: New USB device found, idVendor=1d6b, idProduct=0003, bcdDevice= 5.15
[    2.481126] usb usb2: New USB device strings: Mfr=3, Product=2, SerialNumber=1
[    2.481128] usb usb2: Product: xHCI Host Controller
[    2.481129] usb usb2: Manufacturer: Linux 5.15.0-118-generic xhci-hcd
[    2.481131] usb usb2: SerialNumber: 0000:00:15.0
[    2.481233] hub 2-0:1.0: USB hub found
[    2.481249] hub 2-0:1.0: 7 ports detected
[    2.481486] usb: port power management may be unreliable
[    2.483442] SSE version of gcm_enc/dec engaged.
[    2.486484] idma64 idma64.1: Found Intel integrated DMA 64-bit
[    2.486847] mmc0: SDHCI controller on PCI [0000:00:1c.0] using ADMA 64-bit
[    2.560775] nvme nvme0: allocated 64 MiB host memory buffer.
[    2.569145] nvme nvme0: 4/0/0 default/read/poll queues
[    2.575595]  nvme0n1: p1 p2
[    2.664518] input: SYNA2BA6:00 06CB:CE2D Mouse as /devices/pci0000:00/0000:00:17.3/i2c_designware.1/i2c-2/i2c-SYNA2BA6:00/0018:06CB:CE2D.0001/input/input4
[    2.665650] input: SYNA2BA6:00 06CB:CE2D Touchpad as /devices/pci0000:00/0000:00:17.3/i2c_designware.1/i2c-2/i2c-SYNA2BA6:00/0018:06CB:CE2D.0001/input/input5
[    2.665849] hid-generic 0018:06CB:CE2D.0001: input,hidraw0: I2C HID v1.00 Mouse [SYNA2BA6:00 06CB:CE2D] on i2c-SYNA2BA6:00
[    2.740053] i915 0000:00:02.0: [drm] Unknown revid 0x06
[    2.740779] i915 0000:00:02.0: vgaarb: deactivate vga console
[    2.741142] i915 0000:00:02.0: [drm] couldn't get memory information
[    2.741652] i915 0000:00:02.0: vgaarb: changed VGA decodes: olddecodes=io+mem,decodes=io+mem:owns=io+mem
[    2.742412] i915 0000:00:02.0: [drm] Finished loading DMC firmware i915/glk_dmc_ver1_04.bin (v1.4)
[    2.800218] [drm] Initialized i915 1.6.0 20201103 for 0000:00:02.0 on minor 0
[    2.801729] ACPI: video: Video Device [GFX0] (multi-head: yes  rom: no  post: no)
[    2.801750] ACPI: [Firmware Bug]: BIOS _OSI(Linux) query ignored
[    2.802116] input: Video Bus as /devices/LNXSYSTM:00/LNXSYBUS:00/PNP0A08:00/LNXVIDEO:00/input/input7
[    2.804618] fbcon: i915drmfb (fb0) is primary device
[    2.804621] fbcon: Deferring console take-over
[    2.804624] i915 0000:00:02.0: [drm] fb0: i915drmfb frame buffer device
[    2.817141] usb 1-3: new full-speed USB device number 2 using xhci_hcd
[    2.966188] usb 1-3: New USB device found, idVendor=0bda, idProduct=c123, bcdDevice= 0.00
[    2.966196] usb 1-3: New USB device strings: Mfr=1, Product=2, SerialNumber=3
[    2.966199] usb 1-3: Product: Bluetooth Radio
[    2.966200] usb 1-3: Manufacturer: Realtek
[    2.966202] usb 1-3: SerialNumber: 00e04c000001
[    3.093240] usb 1-7: new high-speed USB device number 3 using xhci_hcd
[    3.196980] raid6: sse2x4   gen() 10334 MB/s
[    3.264981] raid6: sse2x4   xor()  1464 MB/s
[    3.332984] raid6: sse2x2   gen() 10360 MB/s
[    3.400981] raid6: sse2x2   xor()  6646 MB/s
[    3.468983] raid6: sse2x1   gen()  8426 MB/s
[    3.536981] raid6: sse2x1   xor()  5175 MB/s
[    3.536982] raid6: using algorithm sse2x2 gen() 10360 MB/s
[    3.536983] raid6: .... xor() 6646 MB/s, rmw enabled
[    3.536985] raid6: using ssse3x2 recovery algorithm
[    3.542143] xor: measuring software checksum speed
[    3.542788]    prefetch64-sse  : 15309 MB/sec
[    3.543544]    generic_sse     : 13039 MB/sec
[    3.543545] xor: using function: prefetch64-sse (15309 MB/sec)
[    3.584848] Btrfs loaded, crc32c=crc32c-intel, zoned=yes, fsverity=yes
[    3.622795] usb 1-7: New USB device found, idVendor=04f2, idProduct=b78e, bcdDevice= 0.02
[    3.622803] usb 1-7: New USB device strings: Mfr=3, Product=1, SerialNumber=2
[    3.622805] usb 1-7: Product: Integrated Camera
[    3.622807] usb 1-7: Manufacturer: Chicony Electronics Co.,Ltd.
[    3.622809] usb 1-7: SerialNumber: 0001
[    4.420523] EXT4-fs (nvme0n1p2): mounted filesystem with ordered data mode. Opts: (null). Quota mode: none.
[    4.630985] systemd[1]: Inserted module 'autofs4'
[    4.768391] systemd[1]: systemd 249.11-0ubuntu3.12 running in system mode (+PAM +AUDIT +SELINUX +APPARMOR +IMA +SMACK +SECCOMP +GCRYPT +GNUTLS +OPENSSL +ACL +BLKID +CURL +ELFUTILS +FIDO2 +IDN2 -IDN +IPTC +KMOD +LIBCRYPTSETUP +LIBFDISK +PCRE2 -PWQUALITY -P11KIT -QRENCODE +BZIP2 +LZ4 +XZ +ZLIB +ZSTD -XKBCOMMON +UTMP +SYSVINIT default-hierarchy=unified)
[    4.785515] systemd[1]: Detected architecture x86-64.
[    5.009692] systemd[1]: Configuration file /run/systemd/system/netplan-ovs-cleanup.service is marked world-inaccessible. This has no effect as configuration data is accessible via APIs without restrictions. Proceeding anyway.
[    5.072136] systemd[1]: Queued start job for default target Graphical Interface.
[    5.073777] systemd[1]: Created slice Slice /system/modprobe.
[    5.074349] systemd[1]: Created slice Slice /system/systemd-fsck.
[    5.074806] systemd[1]: Created slice User and Session Slice.
[    5.074913] systemd[1]: Started Forward Password Requests to Wall Directory Watch.
[    5.075190] systemd[1]: Set up automount Arbitrary Executable File Formats File System Automount Point.
[    5.075277] systemd[1]: Reached target User and Group Name Lookups.
[    5.075300] systemd[1]: Reached target Remote File Systems.
[    5.075318] systemd[1]: Reached target Slice Units.
[    5.075364] systemd[1]: Reached target Local Verity Protected Volumes.
[    5.075488] systemd[1]: Listening on Device-mapper event daemon FIFOs.
[    5.075658] systemd[1]: Listening on LVM2 poll daemon socket.
[    5.075805] systemd[1]: Listening on Syslog Socket.
[    5.077470] systemd[1]: Listening on Process Core Dump Socket.
[    5.077610] systemd[1]: Listening on fsck to fsckd communication Socket.
[    5.077697] systemd[1]: Listening on initctl Compatibility Named Pipe.
[    5.077989] systemd[1]: Listening on Journal Audit Socket.
[    5.078148] systemd[1]: Listening on Journal Socket (/dev/log).
[    5.078355] systemd[1]: Listening on Journal Socket.
[    5.078745] systemd[1]: Listening on udev Control Socket.
[    5.078913] systemd[1]: Listening on udev Kernel Socket.
[    5.080208] systemd[1]: Mounting Huge Pages File System...
[    5.081409] systemd[1]: Mounting POSIX Message Queue File System...
[    5.084444] systemd[1]: Mounting Kernel Debug File System...
[    5.085821] systemd[1]: Mounting Kernel Trace File System...
[    5.087936] systemd[1]: Starting Journal Service...
[    5.088190] systemd[1]: Finished Availability of block devices.
[    5.090913] systemd[1]: Starting Set the console keyboard layout...
[    5.093441] systemd[1]: Starting Create List of Static Device Nodes...
[    5.095185] systemd[1]: Starting Monitoring of LVM2 mirrors, snapshots etc. using dmeventd or progress polling...
[    5.099791] systemd[1]: Starting Load Kernel Module configfs...
[    5.102668] systemd[1]: Starting Load Kernel Module drm...
[    5.104395] systemd[1]: Starting Load Kernel Module efi_pstore...
[    5.108700] systemd[1]: Starting Load Kernel Module fuse...
[    5.108906] systemd[1]: Condition check resulted in File System Check on Root Device being skipped.
[    5.118698] systemd[1]: Starting Load Kernel Modules...
[    5.120079] systemd[1]: Starting Remount Root and Kernel File Systems...
[    5.121533] systemd[1]: Starting Coldplug All udev Devices...
[    5.124381] systemd[1]: Mounted Huge Pages File System.
[    5.124975] systemd[1]: Mounted POSIX Message Queue File System.
[    5.125401] systemd[1]: Mounted Kernel Debug File System.
[    5.126082] systemd[1]: Mounted Kernel Trace File System.
[    5.131258] systemd[1]: Finished Create List of Static Device Nodes.
[    5.131890] systemd[1]: modprobe@configfs.service: Deactivated successfully.
[    5.132210] systemd[1]: Finished Load Kernel Module configfs.
[    5.132697] systemd[1]: modprobe@drm.service: Deactivated successfully.
[    5.133071] systemd[1]: Finished Load Kernel Module drm.
[    5.133490] systemd[1]: modprobe@fuse.service: Deactivated successfully.
[    5.136478] systemd[1]: Finished Load Kernel Module fuse.
[    5.138780] systemd[1]: Mounting FUSE Control File System...
[    5.142025] systemd[1]: Mounting Kernel Configuration File System...
[    5.143603] systemd[1]: Mounted FUSE Control File System.
[    5.143939] systemd[1]: Mounted Kernel Configuration File System.
[    5.148152] EXT4-fs (nvme0n1p2): re-mounted. Opts: errors=remount-ro. Quota mode: none.
[    5.152162] systemd[1]: Finished Remount Root and Kernel File Systems.
[    5.155565] systemd[1]: Activating swap /swapfile...
[    5.160003] systemd[1]: Starting Load/Save Random Seed...
[    5.161499] systemd[1]: Starting Create System Users...
[    5.164494] Adding 2097148k swap on /swapfile.  Priority:-2 extents:13 across:117301248k SSFS
[    5.164567] systemd[1]: Activated swap /swapfile.
[    5.164731] systemd[1]: Reached target Swaps.
[    5.171096] lp: driver loaded but no devices found
[    5.181213] systemd[1]: Finished Monitoring of LVM2 mirrors, snapshots etc. using dmeventd or progress polling.
[    5.195095] ppdev: user-space parallel port driver
[    5.203670] systemd[1]: Finished Load/Save Random Seed.
[    5.204667] systemd[1]: Condition check resulted in First Boot Complete being skipped.
[    5.241611] pstore: Using crash dump compression: deflate
[    5.241634] pstore: Registered efi as persistent store backend
[    5.242615] systemd[1]: modprobe@efi_pstore.service: Deactivated successfully.
[    5.242980] systemd[1]: Finished Load Kernel Module efi_pstore.
[    5.243163] systemd[1]: Condition check resulted in Platform Persistent Storage Archival being skipped.
[    5.256048] systemd[1]: Finished Create System Users.
[    5.257678] systemd[1]: Starting Create Static Device Nodes in /dev...
[    5.270425] systemd[1]: Finished Load Kernel Modules.
[    5.271957] systemd[1]: Starting Apply Kernel Variables...
[    5.272586] systemd[1]: Finished Create Static Device Nodes in /dev.
[    5.274899] systemd[1]: Starting Rule-based Manager for Device Events and Files...
[    5.299075] systemd[1]: Finished Apply Kernel Variables.
[    5.332545] systemd[1]: Started Journal Service.
[    5.340081] systemd-journald[335]: Received client request to flush runtime journal.
[    5.357209] systemd-journald[335]: File /var/log/journal/61257ae28d0a48dfb0184dce85cb9495/system.journal corrupted or uncleanly shut down, renaming and replacing.
[    5.878497] input: Ideapad extra buttons as /devices/pci0000:00/0000:00:1f.0/PNP0C09:00/VPC2004:00/input/input8
[    5.880048] ideapad_acpi VPC2004:00: Keyboard backlight control not available
[    5.931692] ideapad_acpi VPC2004:00: DYTC interface is not available
[    6.054580] Bluetooth: Core ver 2.22
[    6.054617] NET: Registered PF_BLUETOOTH protocol family
[    6.054619] Bluetooth: HCI device and connection manager initialized
[    6.054624] Bluetooth: HCI socket layer initialized
[    6.054627] Bluetooth: L2CAP socket layer initialized
[    6.054631] Bluetooth: SCO socket layer initialized
[    6.058627] cfg80211: Loading compiled-in X.509 certificates for regulatory database
[    6.058935] cfg80211: Loaded X.509 cert 'sforshee: 00b28ddf47aef9cea7'
[    6.059203] cfg80211: Loaded X.509 cert 'wens: 61c038651aabdcf94bd0ac7ff06c7248db18c600'
[    6.153413] usbcore: registered new interface driver btusb
[    6.158925] Bluetooth: hci0: RTL: examining hci_ver=0a hci_rev=000c lmp_ver=0a lmp_subver=8822
[    6.160274] Bluetooth: hci0: RTL: rom_version status=0 version=3
[    6.160279] Bluetooth: hci0: RTL: loading rtl_bt/rtl8822cu_fw.bin
[    6.161022] Bluetooth: hci0: RTL: loading rtl_bt/rtl8822cu_config.bin
[    6.161173] Bluetooth: hci0: RTL: cfg_sz 6, total sz 35086
[    6.216066] rtw_8822ce 0000:03:00.0: Firmware version 9.9.4, H2C version 15
[    6.216136] rtw_8822ce 0000:03:00.0: Firmware version 9.9.11, H2C version 15
[    6.224483] input: SYNA2BA6:00 06CB:CE2D Mouse as /devices/pci0000:00/0000:00:17.3/i2c_designware.1/i2c-2/i2c-SYNA2BA6:00/0018:06CB:CE2D.0001/input/input9
[    6.224641] input: SYNA2BA6:00 06CB:CE2D Touchpad as /devices/pci0000:00/0000:00:17.3/i2c_designware.1/i2c-2/i2c-SYNA2BA6:00/0018:06CB:CE2D.0001/input/input10
[    6.245679] hid-multitouch 0018:06CB:CE2D.0001: input,hidraw0: I2C HID v1.00 Mouse [SYNA2BA6:00 06CB:CE2D] on i2c-SYNA2BA6:00
[    6.262164] mc: Linux media interface: v0.10
[    6.308631] videodev: Linux video capture interface: v2.00
[    6.340277] Bluetooth: hci0: RTL: fw version 0x19b76d7d
[    6.357829] RAPL PMU: API unit is 2^-32 Joules, 4 fixed counters, 655360 ms ovfl timer
[    6.357834] RAPL PMU: hw unit of domain pp0-core 2^-14 Joules
[    6.357836] RAPL PMU: hw unit of domain package 2^-14 Joules
[    6.357837] RAPL PMU: hw unit of domain dram 2^-14 Joules
[    6.357838] RAPL PMU: hw unit of domain pp1-gpu 2^-14 Joules
[    6.389738] usb 1-7: Found UVC 1.10 device Integrated Camera (04f2:b78e)
[    6.411278] input: Integrated Camera: Integrated C as /devices/pci0000:00/0000:00:15.0/usb1/1-7/1-7:1.0/input/input12
[    6.411427] usbcore: registered new interface driver uvcvideo
[    6.453631] snd_hda_intel 0000:00:0e.0: bound 0000:00:02.0 (ops i915_audio_component_bind_ops [i915])
[    6.465802] intel_telemetry_core Init
[    6.491273] Invalid pltconfig, ensure IPC1 device is enabled in BIOS
[    6.537064] snd_hda_codec_realtek hdaudioC0D0: autoconfig for ALC257: line_outs=1 (0x14/0x0/0x0/0x0/0x0) type:speaker
[    6.537074] snd_hda_codec_realtek hdaudioC0D0:    speaker_outs=0 (0x0/0x0/0x0/0x0/0x0)
[    6.537076] snd_hda_codec_realtek hdaudioC0D0:    hp_outs=1 (0x21/0x0/0x0/0x0/0x0)
[    6.537079] snd_hda_codec_realtek hdaudioC0D0:    mono: mono_out=0x0
[    6.537080] snd_hda_codec_realtek hdaudioC0D0:    inputs:
[    6.537082] snd_hda_codec_realtek hdaudioC0D0:      Mic=0x19
[    6.537084] snd_hda_codec_realtek hdaudioC0D0:      Internal Mic=0x12
[    6.612056] input: HDA Intel PCH Mic as /devices/pci0000:00/0000:00:0e.0/sound/card0/input13
[    6.612140] input: HDA Intel PCH Headphone as /devices/pci0000:00/0000:00:0e.0/sound/card0/input14
[    6.612227] input: HDA Intel PCH HDMI/DP,pcm=3 as /devices/pci0000:00/0000:00:0e.0/sound/card0/input15
[    6.612305] input: HDA Intel PCH HDMI/DP,pcm=7 as /devices/pci0000:00/0000:00:0e.0/sound/card0/input16
[    6.612370] input: HDA Intel PCH HDMI/DP,pcm=8 as /devices/pci0000:00/0000:00:0e.0/sound/card0/input17
[    6.612438] input: HDA Intel PCH HDMI/DP,pcm=9 as /devices/pci0000:00/0000:00:0e.0/sound/card0/input18
[    6.618392] input: HDA Intel PCH HDMI/DP,pcm=10 as /devices/pci0000:00/0000:00:0e.0/sound/card0/input19
[    6.674444] rtw_8822ce 0000:03:00.0 wlp3s0: renamed from wlan0
[    6.705343] intel_rapl_common: Found RAPL domain package
[    6.705350] intel_rapl_common: Found RAPL domain core
[    6.705353] intel_rapl_common: Found RAPL domain uncore
[    6.705354] intel_rapl_common: Found RAPL domain dram
[    6.753050] mei_hdcp 0000:00:0f.0-b638ab7e-94e2-4ea2-a552-d1c54b627f04: bound 0000:00:02.0 (ops i915_hdcp_component_ops [i915])
[    6.910072] spl: loading out-of-tree module taints kernel.
[    6.916308] znvpair: module license 'CDDL' taints kernel.
[    6.916312] Disabling lock debugging due to kernel taint
[    7.104975] ZFS: Loaded module v2.1.5-1ubuntu6~22.04.4, ZFS pool version 5000, ZFS filesystem version 5
[    7.166905] audit: type=1400 audit(1723832087.003:2): apparmor="STATUS" operation="profile_load" profile="unconfined" name="lsb_release" pid=547 comm="apparmor_parser"
[    7.182399] audit: type=1400 audit(1723832087.019:3): apparmor="STATUS" operation="profile_load" profile="unconfined" name="/usr/lib/lightdm/lightdm-guest-session" pid=546 comm="apparmor_parser"
[    7.182410] audit: type=1400 audit(1723832087.019:4): apparmor="STATUS" operation="profile_load" profile="unconfined" name="/usr/lib/lightdm/lightdm-guest-session//chromium" pid=546 comm="apparmor_parser"
[    7.185474] audit: type=1400 audit(1723832087.023:5): apparmor="STATUS" operation="profile_load" profile="unconfined" name="nvidia_modprobe" pid=549 comm="apparmor_parser"
[    7.185480] audit: type=1400 audit(1723832087.023:6): apparmor="STATUS" operation="profile_load" profile="unconfined" name="nvidia_modprobe//kmod" pid=549 comm="apparmor_parser"
[    7.191375] audit: type=1400 audit(1723832087.027:7): apparmor="STATUS" operation="profile_load" profile="unconfined" name="/usr/bin/man" pid=551 comm="apparmor_parser"
[    7.191384] audit: type=1400 audit(1723832087.027:8): apparmor="STATUS" operation="profile_load" profile="unconfined" name="man_filter" pid=551 comm="apparmor_parser"
[    7.191389] audit: type=1400 audit(1723832087.027:9): apparmor="STATUS" operation="profile_load" profile="unconfined" name="man_groff" pid=551 comm="apparmor_parser"
[    7.200726] audit: type=1400 audit(1723832087.035:10): apparmor="STATUS" operation="profile_load" profile="unconfined" name="/usr/bin/redshift" pid=552 comm="apparmor_parser"
[    7.201407] audit: type=1400 audit(1723832087.039:11): apparmor="STATUS" operation="profile_load" profile="unconfined" name="/usr/lib/NetworkManager/nm-dhcp-client.action" pid=550 comm="apparmor_parser"
[    8.071973] Bluetooth: BNEP (Ethernet Emulation) ver 1.3
[    8.071979] Bluetooth: BNEP filters: protocol multicast
[    8.071984] Bluetooth: BNEP socket layer initialized
[    8.079864] NET: Registered PF_ALG protocol family
[    9.602683] rtw_8822ce 0000:03:00.0: start vif 14:ac:60:77:36:ad on port 0
[   11.064260] Bluetooth: RFCOMM TTY layer initialized
[   11.064271] Bluetooth: RFCOMM socket layer initialized
[   11.064282] Bluetooth: RFCOMM ver 1.11
[   14.442214] wlp3s0: authenticate with 00:31:92:04:2d:44
[   14.979747] wlp3s0: send auth to 00:31:92:04:2d:44 (try 1/3)
[   14.983541] wlp3s0: authenticated
[   14.984972] wlp3s0: associate with 00:31:92:04:2d:44 (try 1/3)
[   15.004788] wlp3s0: RX AssocResp from 00:31:92:04:2d:44 (capab=0x1811 status=0 aid=1)
[   15.004845] rtw_8822ce 0000:03:00.0: sta 00:31:92:04:2d:44 joined with macid 0
[   15.005622] wlp3s0: associated
[   15.043309] wlp3s0: Limiting TX power to 17 (17 - 0) dBm as advertised by 00:31:92:04:2d:44
[   15.345586] IPv6: ADDRCONF(NETDEV_CHANGE): wlp3s0: link becomes ready
[   15.474433] kauditd_printk_skb: 14 callbacks suppressed
[   15.474437] audit: type=1400 audit(1723832095.311:26): apparmor="DENIED" operation="capable" profile="/usr/sbin/cups-browsed" pid=961 comm="cups-browsed" capability=23  capname="sys_nice"
[  548.183646] perf: interrupt took too long (2538 > 2500), lowering kernel.perf_event_max_sample_rate to 78750
[  929.574312] perf: interrupt took too long (3173 > 3172), lowering kernel.perf_event_max_sample_rate to 63000
[ 1586.601843] perf: interrupt took too long (3995 > 3966), lowering kernel.perf_event_max_sample_rate to 50000
[ 2902.183722] perf: interrupt took too long (4998 > 4993), lowering kernel.perf_event_max_sample_rate to 40000
[ 3436.255040] exercise15[10037]: segfault at 55b40458dd70 ip 000055b40458b809 sp 00007ffda7b5a6d0 error 7 in exercise15[55b40458b000+1000]
[ 3436.255062] Code: 45 f0 48 89 45 f8 48 8b 45 f0 48 8b 40 08 48 89 45 f0 83 45 ec 01 8b 45 ec 3b 45 e4 7c e0 48 8b 45 f0 48 8b 50 08 48 8b 45 f8 <48> 89 50 08 48 8b 45 f0 48 85 c0 74 0d be 10 00 00 00 48 89 c7 e8
[ 3550.785311] exercise15[10433]: segfault at 5616fc9b7d68 ip 00005616fc9b57cd sp 00007fff2bec8750 error 7 in exercise15[5616fc9b5000+1000]
[ 3550.785337] Code: 45 f0 48 89 45 f8 48 8b 45 f0 48 8b 40 08 48 89 45 f0 83 45 ec 01 8b 45 ec 3b 45 e4 7c e0 48 8b 45 f0 48 8b 50 08 48 8b 45 f8 <48> 89 50 08 48 8b 45 f0 48 85 c0 74 0d be 10 00 00 00 48 89 c7 e8
[ 7964.490288] exercise16[15326]: segfault at 7ffe69333000 ip 000055ae3092130c sp 00007ffe69330400 error 4 in exercise16[55ae30921000+1000]
[ 7964.490317] Code: 00 00 00 00 c7 45 a0 00 00 00 00 eb 6a c7 45 bc 00 00 00 00 eb 57 8b 45 a0 48 98 48 8d 14 85 00 00 00 00 48 8b 45 88 48 01 d0 <8b> 10 8b 45 bc 48 98 48 8d 0c 85 00 00 00 00 48 8b 45 80 48 01 c8
[10098.170914] wlp3s0: deauthenticating from 00:31:92:04:2d:44 by local choice (Reason: 3=DEAUTH_LEAVING)
[10098.275938] rtw_8822ce 0000:03:00.0: sta 00:31:92:04:2d:44 with macid 0 left
[10098.597548] rtw_8822ce 0000:03:00.0: stop vif 14:ac:60:77:36:ad on port 0
[10098.655914] PM: suspend entry (deep)
[10098.676405] Filesystems sync: 0.020 seconds
[10098.798339] Freezing user space processes ... (elapsed 0.006 seconds) done.
[10098.804438] OOM killer disabled.
[10098.804439] Freezing remaining freezable tasks ... (elapsed 0.002 seconds) done.
[10098.806576] printk: Suspending console(s) (use no_console_suspend to debug)
[10098.985033] ACPI: EC: interrupt blocked
[10099.028082] ACPI: PM: Preparing to enter system sleep state S3
[10099.028650] ACPI: EC: event blocked
[10099.028651] ACPI: EC: EC stopped
[10099.028652] ACPI: PM: Saving platform NVS memory
[10099.028659] Disabling non-boot CPUs ...
[10099.030354] smpboot: CPU 1 is now offline
[18446744060.695493] [Firmware Bug]: TSC ADJUST differs: CPU0 0 --> -572724592. Restoring
[10099.049500] ACPI: PM: Low-level resume complete
[10099.049573] ACPI: EC: EC started
[10099.049575] ACPI: PM: Restoring platform NVS memory
[10099.050582] Enabling non-boot CPUs ...
[10099.050695] x86: Booting SMP configuration:
[10099.050698] smpboot: Booting Node 0 Processor 1 APIC 0x2
[10099.054072] CPU1 is up
[10099.054279] ACPI: PM: Waking up from system sleep state S3
[10100.331655] ACPI: EC: interrupt unblocked
[10100.372870] ACPI: EC: event unblocked
[10100.403875] nvme nvme0: 4/0/0 default/read/poll queues
[10100.716913] ata1: SATA link down (SStatus 4 SControl 300)
[10100.718555] usb 1-7: reset high-speed USB device number 3 using xhci_hcd
[10100.994837] usb 1-3: reset full-speed USB device number 2 using xhci_hcd
[10101.159515] mei_hdcp 0000:00:0f.0-b638ab7e-94e2-4ea2-a552-d1c54b627f04: bound 0000:00:02.0 (ops i915_hdcp_component_ops [i915])
[10101.159693] OOM killer enabled.
[10101.159698] Restarting tasks ... 
[10101.179856] Bluetooth: hci0: RTL: examining hci_ver=0a hci_rev=000c lmp_ver=0a lmp_subver=8822
[10101.180841] Bluetooth: hci0: RTL: rom_version status=0 version=3
[10101.180845] Bluetooth: hci0: RTL: loading rtl_bt/rtl8822cu_fw.bin
[10101.180882] Bluetooth: hci0: RTL: loading rtl_bt/rtl8822cu_config.bin
[10101.180916] Bluetooth: hci0: RTL: cfg_sz 6, total sz 35086
[10101.212169] done.
[10101.314355] PM: suspend exit
[10101.348846] Bluetooth: hci0: RTL: fw version 0x19b76d7d
[10101.741592] rtw_8822ce 0000:03:00.0: start vif 14:ac:60:77:36:ad on port 0
[10106.095401] wlp3s0: authenticate with 82:02:71:96:f9:db
[10106.437050] wlp3s0: send auth to 82:02:71:96:f9:db (try 1/3)
[10106.440798] wlp3s0: authenticated
[10106.444885] wlp3s0: associate with 82:02:71:96:f9:db (try 1/3)
[10106.448844] wlp3s0: RX AssocResp from 82:02:71:96:f9:db (capab=0x11 status=0 aid=6)
[10106.448912] rtw_8822ce 0000:03:00.0: sta 82:02:71:96:f9:db joined with macid 0
[10106.449651] wlp3s0: associated
[10106.489308] IPv6: ADDRCONF(NETDEV_CHANGE): wlp3s0: link becomes ready
[10106.532016] wlp3s0: Limiting TX power to 23 (23 - 0) dBm as advertised by 82:02:71:96:f9:db
[13656.594243] wlp3s0: Connection to AP 82:02:71:96:f9:db lost
[13656.682860] rtw_8822ce 0000:03:00.0: sta 82:02:71:96:f9:db with macid 0 left
[13661.185055] wlp3s0: authenticate with 82:02:71:96:f9:db
[13661.527249] wlp3s0: send auth to 82:02:71:96:f9:db (try 1/3)
[13661.530674] wlp3s0: authenticated
[13661.538747] wlp3s0: associate with 82:02:71:96:f9:db (try 1/3)
[13661.542287] wlp3s0: RX AssocResp from 82:02:71:96:f9:db (capab=0x11 status=0 aid=6)
[13661.542326] rtw_8822ce 0000:03:00.0: sta 82:02:71:96:f9:db joined with macid 0
[13661.543093] wlp3s0: associated
[13661.588473] wlp3s0: Limiting TX power to 23 (23 - 0) dBm as advertised by 82:02:71:96:f9:db
[14039.176011] perf: interrupt took too long (6277 > 6247), lowering kernel.perf_event_max_sample_rate to 31750
[20411.228638] wlp3s0: Connection to AP 82:02:71:96:f9:db lost
[20411.321838] rtw_8822ce 0000:03:00.0: sta 82:02:71:96:f9:db with macid 0 left
[20415.785157] wlp3s0: authenticate with 82:02:71:96:f9:db
[20416.125936] wlp3s0: send auth to 82:02:71:96:f9:db (try 1/3)
[20416.129372] wlp3s0: authenticated
[20416.133415] wlp3s0: associate with 82:02:71:96:f9:db (try 1/3)
[20416.136911] wlp3s0: RX AssocResp from 82:02:71:96:f9:db (capab=0x11 status=0 aid=6)
[20416.136949] rtw_8822ce 0000:03:00.0: sta 82:02:71:96:f9:db joined with macid 0
[20416.137708] wlp3s0: associated
[20416.948289] wlp3s0: Limiting TX power to 23 (23 - 0) dBm as advertised by 82:02:71:96:f9:db
[20422.383467] wlp3s0: Connection to AP 82:02:71:96:f9:db lost
[20422.477207] rtw_8822ce 0000:03:00.0: sta 82:02:71:96:f9:db with macid 0 left
[20426.912394] wlp3s0: authenticate with 82:02:71:96:f9:db
[20427.253301] wlp3s0: send auth to 82:02:71:96:f9:db (try 1/3)
[20427.256656] wlp3s0: authenticated
[20427.260786] wlp3s0: associate with 82:02:71:96:f9:db (try 1/3)
[20427.264329] wlp3s0: RX AssocResp from 82:02:71:96:f9:db (capab=0x11 status=0 aid=6)
[20427.264363] rtw_8822ce 0000:03:00.0: sta 82:02:71:96:f9:db joined with macid 0
[20427.265133] wlp3s0: associated
[20428.112000] wlp3s0: Limiting TX power to 23 (23 - 0) dBm as advertised by 82:02:71:96:f9:db
[28428.805406] wlp3s0: Connection to AP 82:02:71:96:f9:db lost
[28428.894710] rtw_8822ce 0000:03:00.0: sta 82:02:71:96:f9:db with macid 0 left
[28442.149972] wlp3s0: authenticate with 82:02:71:96:f9:db
[28442.490657] wlp3s0: send auth to 82:02:71:96:f9:db (try 1/3)
[28442.494048] wlp3s0: authenticated
[28442.498279] wlp3s0: associate with 82:02:71:96:f9:db (try 1/3)
[28442.501721] wlp3s0: RX AssocResp from 82:02:71:96:f9:db (capab=0x11 status=0 aid=6)
[28442.501758] rtw_8822ce 0000:03:00.0: sta 82:02:71:96:f9:db joined with macid 0
[28442.502503] wlp3s0: associated
[28442.908340] wlp3s0: Limiting TX power to 23 (23 - 0) dBm as advertised by 82:02:71:96:f9:db
[29212.007639] audit: type=1400 audit(1723863614.750:27): apparmor="DENIED" operation="capable" profile="/usr/sbin/cupsd" pid=25784 comm="cupsd" capability=12  capname="net_admin"
[29212.065297] audit: type=1400 audit(1723863614.806:28): apparmor="DENIED" operation="capable" profile="/usr/sbin/cups-browsed" pid=25787 comm="cups-browsed" capability=23  capname="sys_nice"
[33809.866878] wlp3s0: deauthenticating from 82:02:71:96:f9:db by local choice (Reason: 3=DEAUTH_LEAVING)
[33809.970006] rtw_8822ce 0000:03:00.0: sta 82:02:71:96:f9:db with macid 0 left
[33810.308002] rtw_8822ce 0000:03:00.0: stop vif 14:ac:60:77:36:ad on port 0
[33810.373753] PM: suspend entry (deep)
[33810.380948] Filesystems sync: 0.007 seconds
[33810.501138] Freezing user space processes ... (elapsed 0.004 seconds) done.
[33810.506135] OOM killer disabled.
[33810.506137] Freezing remaining freezable tasks ... (elapsed 0.001 seconds) done.
[33810.507680] printk: Suspending console(s) (use no_console_suspend to debug)
[33810.864553] ACPI: EC: interrupt blocked
[33810.902406] ACPI: PM: Preparing to enter system sleep state S3
[33810.902984] ACPI: EC: event blocked
[33810.902985] ACPI: EC: EC stopped
[33810.902986] ACPI: PM: Saving platform NVS memory
[33810.902993] Disabling non-boot CPUs ...
[33810.904581] smpboot: CPU 1 is now offline
[10099.033335] [Firmware Bug]: TSC ADJUST differs: CPU0 0 --> -572451669. Restoring
[33810.924026] ACPI: PM: Low-level resume complete
[33810.924098] ACPI: EC: EC started
[33810.924100] ACPI: PM: Restoring platform NVS memory
[33810.925125] Enabling non-boot CPUs ...
[33810.925237] x86: Booting SMP configuration:
[33810.925239] smpboot: Booting Node 0 Processor 1 APIC 0x2
[33810.928568] CPU1 is up
[33810.928769] ACPI: PM: Waking up from system sleep state S3
[33812.194312] ACPI: EC: interrupt unblocked
[33812.235652] ACPI: EC: event unblocked
[33812.266546] nvme nvme0: 4/0/0 default/read/poll queues
[33812.561287] usb 1-7: reset high-speed USB device number 3 using xhci_hcd
[33812.567641] ata1: SATA link down (SStatus 4 SControl 300)
[33812.837402] usb 1-3: reset full-speed USB device number 2 using xhci_hcd
[33812.987909] OOM killer enabled.
[33812.987915] Restarting tasks ... 
[33812.987854] mei_hdcp 0000:00:0f.0-b638ab7e-94e2-4ea2-a552-d1c54b627f04: bound 0000:00:02.0 (ops i915_hdcp_component_ops [i915])
[33813.011962] Bluetooth: hci0: RTL: examining hci_ver=0a hci_rev=000c lmp_ver=0a lmp_subver=8822
[33813.012943] Bluetooth: hci0: RTL: rom_version status=0 version=3
[33813.012950] Bluetooth: hci0: RTL: loading rtl_bt/rtl8822cu_fw.bin
[33813.014180] Bluetooth: hci0: RTL: loading rtl_bt/rtl8822cu_config.bin
[33813.014352] Bluetooth: hci0: RTL: cfg_sz 6, total sz 35086
[33813.025280] done.
[33813.129271] PM: suspend exit
[33813.181950] Bluetooth: hci0: RTL: fw version 0x19b76d7d
[33813.533844] rtw_8822ce 0000:03:00.0: start vif 14:ac:60:77:36:ad on port 0
[33818.463575] wlp3s0: authenticate with 00:31:92:04:2d:44
[33818.821266] wlp3s0: send auth to 00:31:92:04:2d:44 (try 1/3)
[33818.824661] wlp3s0: authenticated
[33818.829057] wlp3s0: associate with 00:31:92:04:2d:44 (try 1/3)
[33818.848964] wlp3s0: RX AssocResp from 00:31:92:04:2d:44 (capab=0x1811 status=0 aid=1)
[33818.849032] rtw_8822ce 0000:03:00.0: sta 00:31:92:04:2d:44 joined with macid 0
[33818.849761] wlp3s0: associated
[33818.871035] wlp3s0: Limiting TX power to 17 (17 - 0) dBm as advertised by 00:31:92:04:2d:44
[33819.181778] IPv6: ADDRCONF(NETDEV_CHANGE): wlp3s0: link becomes ready
[68636.513668] wlp3s0: deauthenticating from 00:31:92:04:2d:44 by local choice (Reason: 3=DEAUTH_LEAVING)
[68636.621725] rtw_8822ce 0000:03:00.0: sta 00:31:92:04:2d:44 with macid 0 left
[68636.959644] rtw_8822ce 0000:03:00.0: stop vif 14:ac:60:77:36:ad on port 0
[68637.008398] PM: suspend entry (deep)
[68637.034721] Filesystems sync: 0.026 seconds
[68637.156235] Freezing user space processes ... (elapsed 0.005 seconds) done.
[68637.162212] OOM killer disabled.
[68637.162214] Freezing remaining freezable tasks ... (elapsed 0.001 seconds) done.
[68637.164264] printk: Suspending console(s) (use no_console_suspend to debug)
[68637.343037] ACPI: EC: interrupt blocked
[68637.402075] ACPI: PM: Preparing to enter system sleep state S3
[68637.402646] ACPI: EC: event blocked
[68637.402647] ACPI: EC: EC stopped
[68637.402648] ACPI: PM: Saving platform NVS memory
[68637.402655] Disabling non-boot CPUs ...
[68637.404242] smpboot: CPU 1 is now offline
[33810.922721] [Firmware Bug]: TSC ADJUST differs: CPU0 0 --> -572651567. Restoring
[68637.424169] ACPI: PM: Low-level resume complete
[68637.424243] ACPI: EC: EC started
[68637.424245] ACPI: PM: Restoring platform NVS memory
[68637.425232] Enabling non-boot CPUs ...
[68637.425344] x86: Booting SMP configuration:
[68637.425346] smpboot: Booting Node 0 Processor 1 APIC 0x2
[68637.428562] CPU1 is up
[68637.428755] ACPI: PM: Waking up from system sleep state S3
[68638.714060] ACPI: EC: interrupt unblocked
[68638.755543] ACPI: EC: event unblocked
[68638.785983] nvme nvme0: 4/0/0 default/read/poll queues
[68639.078867] ata1: SATA link down (SStatus 4 SControl 300)
[68639.085292] usb 1-7: reset high-speed USB device number 3 using xhci_hcd
[68639.361436] usb 1-3: reset full-speed USB device number 2 using xhci_hcd
[68639.511750] mei_hdcp 0000:00:0f.0-b638ab7e-94e2-4ea2-a552-d1c54b627f04: bound 0000:00:02.0 (ops i915_hdcp_component_ops [i915])
[68639.511928] OOM killer enabled.
[68639.511932] Restarting tasks ... done.
[68639.540552] Bluetooth: hci0: RTL: examining hci_ver=0a hci_rev=000c lmp_ver=0a lmp_subver=8822
[68639.541537] Bluetooth: hci0: RTL: rom_version status=0 version=3
[68639.541543] Bluetooth: hci0: RTL: loading rtl_bt/rtl8822cu_fw.bin
[68639.541569] Bluetooth: hci0: RTL: loading rtl_bt/rtl8822cu_config.bin
[68639.541607] Bluetooth: hci0: RTL: cfg_sz 6, total sz 35086
[68639.634168] PM: suspend exit
[68639.713547] Bluetooth: hci0: RTL: fw version 0x19b76d7d
[68640.160609] rtw_8822ce 0000:03:00.0: start vif 14:ac:60:77:36:ad on port 0
[68648.758520] wlp3s0: authenticate with 82:02:71:96:f9:db
[68649.105195] wlp3s0: send auth to 82:02:71:96:f9:db (try 1/3)
[68649.108899] wlp3s0: authenticated
[68649.112827] wlp3s0: associate with 82:02:71:96:f9:db (try 1/3)
[68649.116729] wlp3s0: RX AssocResp from 82:02:71:96:f9:db (capab=0x11 status=0 aid=4)
[68649.116796] rtw_8822ce 0000:03:00.0: sta 82:02:71:96:f9:db joined with macid 0
[68649.117506] wlp3s0: associated
[68649.215084] wlp3s0: Limiting TX power to 23 (23 - 0) dBm as advertised by 82:02:71:96:f9:db
[68650.193435] IPv6: ADDRCONF(NETDEV_CHANGE): wlp3s0: link becomes ready
[73989.648106] wlp3s0: Connection to AP 82:02:71:96:f9:db lost
[73989.747212] rtw_8822ce 0000:03:00.0: sta 82:02:71:96:f9:db with macid 0 left
[73994.215536] wlp3s0: authenticate with 82:02:71:96:f9:db
[73994.555155] wlp3s0: send auth to 82:02:71:96:f9:db (try 1/3)
[73994.558548] wlp3s0: authenticated
[73994.590922] wlp3s0: associate with 82:02:71:96:f9:db (try 1/3)
[73994.594453] wlp3s0: RX AssocResp from 82:02:71:96:f9:db (capab=0x11 status=0 aid=4)
[73994.594492] rtw_8822ce 0000:03:00.0: sta 82:02:71:96:f9:db joined with macid 0
[73994.595231] wlp3s0: associated
[73994.621160] wlp3s0: Limiting TX power to 23 (23 - 0) dBm as advertised by 82:02:71:96:f9:db
[80843.291250] wlp3s0: Connection to AP 82:02:71:96:f9:db lost
[80843.387030] rtw_8822ce 0000:03:00.0: sta 82:02:71:96:f9:db with macid 0 left
[80847.799022] wlp3s0: authenticate with 82:02:71:96:f9:db
[80848.143200] wlp3s0: send auth to 82:02:71:96:f9:db (try 1/3)
[80848.146601] wlp3s0: authenticated
[80848.154872] wlp3s0: associate with 82:02:71:96:f9:db (try 1/3)
[80848.158383] wlp3s0: RX AssocResp from 82:02:71:96:f9:db (capab=0x11 status=0 aid=4)
[80848.158418] rtw_8822ce 0000:03:00.0: sta 82:02:71:96:f9:db joined with macid 0
[80848.159181] wlp3s0: associated
[80848.702692] wlp3s0: Limiting TX power to 23 (23 - 0) dBm as advertised by 82:02:71:96:f9:db
[80873.387269] wlp3s0: Connection to AP 82:02:71:96:f9:db lost
[80873.478895] rtw_8822ce 0000:03:00.0: sta 82:02:71:96:f9:db with macid 0 left
[80877.870298] wlp3s0: authenticate with 82:02:71:96:f9:db
[80878.211209] wlp3s0: send auth to 82:02:71:96:f9:db (try 1/3)
[80878.214551] wlp3s0: authenticated
[80878.218723] wlp3s0: associate with 82:02:71:96:f9:db (try 1/3)
[80878.222188] wlp3s0: RX AssocResp from 82:02:71:96:f9:db (capab=0x11 status=0 aid=4)
[80878.222226] rtw_8822ce 0000:03:00.0: sta 82:02:71:96:f9:db joined with macid 0
[80878.222967] wlp3s0: associated
[80880.287679] wlp3s0: Connection to AP 82:02:71:96:f9:db lost
[80880.378890] rtw_8822ce 0000:03:00.0: sta 82:02:71:96:f9:db with macid 0 left
[80893.680985] wlp3s0: authenticate with 82:02:71:96:f9:db
[80894.019152] wlp3s0: send auth to 82:02:71:96:f9:db (try 1/3)
[80894.022542] wlp3s0: authenticated
[80894.034669] wlp3s0: associate with 82:02:71:96:f9:db (try 1/3)
[80894.038157] wlp3s0: RX AssocResp from 82:02:71:96:f9:db (capab=0x11 status=0 aid=4)
[80894.038192] rtw_8822ce 0000:03:00.0: sta 82:02:71:96:f9:db joined with macid 0
[80894.038948] wlp3s0: associated
[80894.372206] wlp3s0: Limiting TX power to 23 (23 - 0) dBm as advertised by 82:02:71:96:f9:db
[86251.843836] audit: type=1400 audit(1723950035.276:29): apparmor="DENIED" operation="capable" profile="/usr/sbin/cupsd" pid=38991 comm="cupsd" capability=12  capname="net_admin"
[86251.907993] audit: type=1400 audit(1723950035.340:30): apparmor="DENIED" operation="capable" profile="/usr/sbin/cups-browsed" pid=39012 comm="cups-browsed" capability=23  capname="sys_nice"
[90226.573119] wlp3s0: Connection to AP 82:02:71:96:f9:db lost
[90226.667411] rtw_8822ce 0000:03:00.0: sta 82:02:71:96:f9:db with macid 0 left
[90231.077244] wlp3s0: authenticate with 82:02:71:96:f9:db
[90231.435836] wlp3s0: send auth to 82:02:71:96:f9:db (try 1/3)
[90231.539745] wlp3s0: send auth to 82:02:71:96:f9:db (try 2/3)
[90231.543660] wlp3s0: authenticated
[90231.547617] wlp3s0: associate with 82:02:71:96:f9:db (try 1/3)
[90231.551474] wlp3s0: RX AssocResp from 82:02:71:96:f9:db (capab=0x11 status=0 aid=4)
[90231.551526] rtw_8822ce 0000:03:00.0: sta 82:02:71:96:f9:db joined with macid 0
[90231.552313] wlp3s0: associated
[90233.319416] wlp3s0: Limiting TX power to 23 (23 - 0) dBm as advertised by 82:02:71:96:f9:db
[90246.248896] wlp3s0: Connection to AP 82:02:71:96:f9:db lost
[90246.339582] rtw_8822ce 0000:03:00.0: sta 82:02:71:96:f9:db with macid 0 left
[90259.795703] wlp3s0: authenticate with 82:02:71:96:f9:db
[90260.136096] wlp3s0: send auth to 82:02:71:96:f9:db (try 1/3)
[90260.139516] wlp3s0: authenticated
[90260.147998] wlp3s0: associate with 82:02:71:96:f9:db (try 1/3)
[90260.151512] wlp3s0: RX AssocResp from 82:02:71:96:f9:db (capab=0x11 status=0 aid=4)
[90260.151583] rtw_8822ce 0000:03:00.0: sta 82:02:71:96:f9:db joined with macid 0
[90260.152313] wlp3s0: associated
[90260.250132] wlp3s0: Limiting TX power to 23 (23 - 0) dBm as advertised by 82:02:71:96:f9:db
[97454.549235] wlp3s0: Connection to AP 82:02:71:96:f9:db lost
[97454.642998] rtw_8822ce 0000:03:00.0: sta 82:02:71:96:f9:db with macid 0 left
[97459.044399] wlp3s0: authenticate with 82:02:71:96:f9:db
[97459.383352] wlp3s0: send auth to 82:02:71:96:f9:db (try 1/3)
[97459.386725] wlp3s0: authenticated
[97459.390845] wlp3s0: associate with 82:02:71:96:f9:db (try 1/3)
[97459.394352] wlp3s0: RX AssocResp from 82:02:71:96:f9:db (capab=0x11 status=0 aid=4)
[97459.394388] rtw_8822ce 0000:03:00.0: sta 82:02:71:96:f9:db joined with macid 0
[97459.395146] wlp3s0: associated
[97459.744353] wlp3s0: Limiting TX power to 23 (23 - 0) dBm as advertised by 82:02:71:96:f9:db
[97475.191378] wlp3s0: Connection to AP 82:02:71:96:f9:db lost
[97475.283006] rtw_8822ce 0000:03:00.0: sta 82:02:71:96:f9:db with macid 0 left
[97479.634283] wlp3s0: authenticate with 82:02:71:96:f9:db
[97479.975300] wlp3s0: send auth to 82:02:71:96:f9:db (try 1/3)
[97479.978720] wlp3s0: authenticated
[97479.982806] wlp3s0: associate with 82:02:71:96:f9:db (try 1/3)
[97479.986283] wlp3s0: RX AssocResp from 82:02:71:96:f9:db (capab=0x11 status=0 aid=4)
[97479.986315] rtw_8822ce 0000:03:00.0: sta 82:02:71:96:f9:db joined with macid 0
[97479.987071] wlp3s0: associated
[97480.532317] wlp3s0: Limiting TX power to 23 (23 - 0) dBm as advertised by 82:02:71:96:f9:db
[97484.934262] wlp3s0: Connection to AP 82:02:71:96:f9:db lost
[97485.035212] rtw_8822ce 0000:03:00.0: sta 82:02:71:96:f9:db with macid 0 left
[97489.462171] wlp3s0: authenticate with 82:02:71:96:f9:db
[97489.803284] wlp3s0: send auth to 82:02:71:96:f9:db (try 1/3)
[97489.806697] wlp3s0: authenticated
[97489.810769] wlp3s0: associate with 82:02:71:96:f9:db (try 1/3)
[97489.814265] wlp3s0: RX AssocResp from 82:02:71:96:f9:db (capab=0x11 status=0 aid=4)
[97489.814303] rtw_8822ce 0000:03:00.0: sta 82:02:71:96:f9:db joined with macid 0
[97489.815057] wlp3s0: associated
[97491.591133] wlp3s0: Limiting TX power to 23 (23 - 0) dBm as advertised by 82:02:71:96:f9:db
[97494.970895] wlp3s0: Connection to AP 82:02:71:96:f9:db lost
[97495.070918] rtw_8822ce 0000:03:00.0: sta 82:02:71:96:f9:db with macid 0 left
[97499.463179] wlp3s0: authenticate with 82:02:71:96:f9:db
[97499.799251] wlp3s0: send auth to 82:02:71:96:f9:db (try 1/3)
[97499.802624] wlp3s0: authenticated
[97499.806876] wlp3s0: associate with 82:02:71:96:f9:db (try 1/3)
[97499.810419] wlp3s0: RX AssocResp from 82:02:71:96:f9:db (capab=0x11 status=0 aid=4)
[97499.810457] rtw_8822ce 0000:03:00.0: sta 82:02:71:96:f9:db joined with macid 0
[97499.811219] wlp3s0: associated
[97501.861524] wlp3s0: Connection to AP 82:02:71:96:f9:db lost
[97501.959191] rtw_8822ce 0000:03:00.0: sta 82:02:71:96:f9:db with macid 0 left
[97506.385877] wlp3s0: authenticate with 82:02:71:96:f9:db
[97506.723234] wlp3s0: send auth to 82:02:71:96:f9:db (try 1/3)
[97506.726637] wlp3s0: authenticated
[97506.730738] wlp3s0: associate with 82:02:71:96:f9:db (try 1/3)
[97506.734202] wlp3s0: RX AssocResp from 82:02:71:96:f9:db (capab=0x11 status=0 aid=4)
[97506.734241] rtw_8822ce 0000:03:00.0: sta 82:02:71:96:f9:db joined with macid 0
[97506.734986] wlp3s0: associated
[97508.789281] wlp3s0: Connection to AP 82:02:71:96:f9:db lost
[97508.891139] rtw_8822ce 0000:03:00.0: sta 82:02:71:96:f9:db with macid 0 left
[97513.318771] wlp3s0: authenticate with 82:02:71:96:f9:db
[97513.659225] wlp3s0: send auth to 82:02:71:96:f9:db (try 1/3)
[97513.663977] wlp3s0: authenticated
[97513.674717] wlp3s0: associate with 82:02:71:96:f9:db (try 1/3)
[97513.678173] wlp3s0: RX AssocResp from 82:02:71:96:f9:db (capab=0x11 status=0 aid=4)
[97513.678206] rtw_8822ce 0000:03:00.0: sta 82:02:71:96:f9:db joined with macid 0
[97513.678956] wlp3s0: associated
[97514.120534] wlp3s0: Limiting TX power to 23 (23 - 0) dBm as advertised by 82:02:71:96:f9:db
[97523.416676] wlp3s0: Connection to AP 82:02:71:96:f9:db lost
[97523.506812] rtw_8822ce 0000:03:00.0: sta 82:02:71:96:f9:db with macid 0 left
[97527.773390] wlp3s0: authenticate with 82:02:71:96:f9:db
[97528.115175] wlp3s0: send auth to 82:02:71:96:f9:db (try 1/3)
[97528.118536] wlp3s0: authenticated
[97528.122673] wlp3s0: associate with 82:02:71:96:f9:db (try 1/3)
[97528.126176] wlp3s0: RX AssocResp from 82:02:71:96:f9:db (capab=0x11 status=0 aid=4)
[97528.126214] rtw_8822ce 0000:03:00.0: sta 82:02:71:96:f9:db joined with macid 0
[97528.126978] wlp3s0: associated
[97528.763569] wlp3s0: Limiting TX power to 23 (23 - 0) dBm as advertised by 82:02:71:96:f9:db
[97543.972286] wlp3s0: Connection to AP 82:02:71:96:f9:db lost
[97544.046763] rtw_8822ce 0000:03:00.0: sta 82:02:71:96:f9:db with macid 0 left
[97548.394549] wlp3s0: authenticate with 82:02:71:96:f9:db
[97548.735065] wlp3s0: send auth to 82:02:71:96:f9:db (try 1/3)
[97548.738441] wlp3s0: authenticated
[97548.742615] wlp3s0: associate with 82:02:71:96:f9:db (try 1/3)
[97548.746069] wlp3s0: RX AssocResp from 82:02:71:96:f9:db (capab=0x11 status=0 aid=4)
[97548.746102] rtw_8822ce 0000:03:00.0: sta 82:02:71:96:f9:db joined with macid 0
[97548.746850] wlp3s0: associated
[97549.866999] wlp3s0: Limiting TX power to 23 (23 - 0) dBm as advertised by 82:02:71:96:f9:db
[97551.886083] wlp3s0: Connection to AP 82:02:71:96:f9:db lost
[97551.979064] rtw_8822ce 0000:03:00.0: sta 82:02:71:96:f9:db with macid 0 left
[97556.254110] wlp3s0: authenticate with 82:02:71:96:f9:db
[97556.595094] wlp3s0: send auth to 82:02:71:96:f9:db (try 1/3)
[97556.598454] wlp3s0: authenticated
[97556.602607] wlp3s0: associate with 82:02:71:96:f9:db (try 1/3)
[97556.606096] wlp3s0: RX AssocResp from 82:02:71:96:f9:db (capab=0x11 status=0 aid=4)
[97556.606134] rtw_8822ce 0000:03:00.0: sta 82:02:71:96:f9:db joined with macid 0
[97556.606888] wlp3s0: associated
[97557.640708] wlp3s0: Limiting TX power to 23 (23 - 0) dBm as advertised by 82:02:71:96:f9:db
[102751.762279] wlp3s0: Connection to AP 82:02:71:96:f9:db lost
[102751.854021] rtw_8822ce 0000:03:00.0: sta 82:02:71:96:f9:db with macid 0 left
[102756.263371] wlp3s0: authenticate with 82:02:71:96:f9:db
[102756.598297] wlp3s0: send auth to 82:02:71:96:f9:db (try 1/3)
[102756.601646] wlp3s0: authenticated
[102756.605803] wlp3s0: associate with 82:02:71:96:f9:db (try 1/3)
[102756.609277] wlp3s0: RX AssocResp from 82:02:71:96:f9:db (capab=0x11 status=0 aid=4)
[102756.609317] rtw_8822ce 0000:03:00.0: sta 82:02:71:96:f9:db joined with macid 0
[102756.610073] wlp3s0: associated
[102756.941144] wlp3s0: Limiting TX power to 23 (23 - 0) dBm as advertised by 82:02:71:96:f9:db
[102758.975383] wlp3s0: Connection to AP 82:02:71:96:f9:db lost
[102759.066179] rtw_8822ce 0000:03:00.0: sta 82:02:71:96:f9:db with macid 0 left
[102763.415584] wlp3s0: authenticate with 82:02:71:96:f9:db
[102763.758143] wlp3s0: send auth to 82:02:71:96:f9:db (try 1/3)
[102763.761500] wlp3s0: authenticated
[102763.765627] wlp3s0: associate with 82:02:71:96:f9:db (try 1/3)
[102763.769138] wlp3s0: RX AssocResp from 82:02:71:96:f9:db (capab=0x11 status=0 aid=4)
[102763.769173] rtw_8822ce 0000:03:00.0: sta 82:02:71:96:f9:db joined with macid 0
[102763.769930] wlp3s0: associated
[102765.842949] wlp3s0: Connection to AP 82:02:71:96:f9:db lost
[102765.937726] rtw_8822ce 0000:03:00.0: sta 82:02:71:96:f9:db with macid 0 left
[102770.368836] wlp3s0: authenticate with 82:02:71:96:f9:db
[102770.709976] wlp3s0: send auth to 82:02:71:96:f9:db (try 1/3)
[102770.713360] wlp3s0: authenticated
[102770.717466] wlp3s0: associate with 82:02:71:96:f9:db (try 1/3)
[102770.720931] wlp3s0: RX AssocResp from 82:02:71:96:f9:db (capab=0x11 status=0 aid=4)
[102770.720969] rtw_8822ce 0000:03:00.0: sta 82:02:71:96:f9:db joined with macid 0
[102770.721744] wlp3s0: associated
[102771.177100] wlp3s0: Limiting TX power to 23 (23 - 0) dBm as advertised by 82:02:71:96:f9:db
[102774.165782] wlp3s0: Connection to AP 82:02:71:96:f9:db lost
[102774.257819] rtw_8822ce 0000:03:00.0: sta 82:02:71:96:f9:db with macid 0 left
[102778.603866] wlp3s0: authenticate with 82:02:71:96:f9:db
[102778.945789] wlp3s0: send auth to 82:02:71:96:f9:db (try 1/3)
[102778.949196] wlp3s0: authenticated
[102778.953283] wlp3s0: associate with 82:02:71:96:f9:db (try 1/3)
[102778.956756] wlp3s0: RX AssocResp from 82:02:71:96:f9:db (capab=0x11 status=0 aid=4)
[102778.956792] rtw_8822ce 0000:03:00.0: sta 82:02:71:96:f9:db joined with macid 0
[102778.957546] wlp3s0: associated
[102780.289885] wlp3s0: Limiting TX power to 23 (23 - 0) dBm as advertised by 82:02:71:96:f9:db
[102784.701175] wlp3s0: Connection to AP 82:02:71:96:f9:db lost
[102784.797587] rtw_8822ce 0000:03:00.0: sta 82:02:71:96:f9:db with macid 0 left
[102789.224064] wlp3s0: authenticate with 82:02:71:96:f9:db
[102789.561567] wlp3s0: send auth to 82:02:71:96:f9:db (try 1/3)
[102789.564976] wlp3s0: authenticated
[102789.569053] wlp3s0: associate with 82:02:71:96:f9:db (try 1/3)
[102789.572546] wlp3s0: RX AssocResp from 82:02:71:96:f9:db (capab=0x11 status=0 aid=4)
[102789.572581] rtw_8822ce 0000:03:00.0: sta 82:02:71:96:f9:db joined with macid 0
[102789.573296] wlp3s0: associated
[102791.652648] wlp3s0: Connection to AP 82:02:71:96:f9:db lost
[102791.741438] rtw_8822ce 0000:03:00.0: sta 82:02:71:96:f9:db with macid 0 left
[102796.089503] wlp3s0: authenticate with 82:02:71:96:f9:db
[102796.429408] wlp3s0: send auth to 82:02:71:96:f9:db (try 1/3)
[102796.432822] wlp3s0: authenticated
[102796.436900] wlp3s0: associate with 82:02:71:96:f9:db (try 1/3)
[102796.440452] wlp3s0: RX AssocResp from 82:02:71:96:f9:db (capab=0x11 status=0 aid=4)
[102796.440489] rtw_8822ce 0000:03:00.0: sta 82:02:71:96:f9:db joined with macid 0
[102796.441243] wlp3s0: associated
[102797.593834] wlp3s0: Limiting TX power to 23 (23 - 0) dBm as advertised by 82:02:71:96:f9:db
[107780.103990] wlp3s0: Connection to AP 82:02:71:96:f9:db lost
[107780.195536] rtw_8822ce 0000:03:00.0: sta 82:02:71:96:f9:db with macid 0 left
[107784.540942] wlp3s0: authenticate with 82:02:71:96:f9:db
[107784.879865] wlp3s0: send auth to 82:02:71:96:f9:db (try 1/3)
[107784.883273] wlp3s0: authenticated
[107784.887349] wlp3s0: associate with 82:02:71:96:f9:db (try 1/3)
[107784.890838] wlp3s0: RX AssocResp from 82:02:71:96:f9:db (capab=0x11 status=0 aid=4)
[107784.890878] rtw_8822ce 0000:03:00.0: sta 82:02:71:96:f9:db joined with macid 0
[107784.891641] wlp3s0: associated
[107786.953523] wlp3s0: Connection to AP 82:02:71:96:f9:db lost
[107787.039781] rtw_8822ce 0000:03:00.0: sta 82:02:71:96:f9:db with macid 0 left
[107791.435096] wlp3s0: authenticate with 82:02:71:96:f9:db
[107791.783797] wlp3s0: send auth to 82:02:71:96:f9:db (try 1/3)
[107791.787179] wlp3s0: authenticated
[107791.791302] wlp3s0: associate with 82:02:71:96:f9:db (try 1/3)
